Archive member included to satisfy reference by file (symbol)

c:/ac6/systemworkbench/plugins/fr.ac6.mcu.externaltools.arm-none.win32_1.17.0.201812190825/tools/compiler/bin/../lib/gcc/arm-none-eabi/7.3.1/thumb/v7-m\libgcc.a(_arm_addsubdf3.o)
                              pid/pid.o (__aeabi_dsub)
c:/ac6/systemworkbench/plugins/fr.ac6.mcu.externaltools.arm-none.win32_1.17.0.201812190825/tools/compiler/bin/../lib/gcc/arm-none-eabi/7.3.1/thumb/v7-m\libgcc.a(_arm_muldivdf3.o)
                              pid/pid.o (__aeabi_dmul)
c:/ac6/systemworkbench/plugins/fr.ac6.mcu.externaltools.arm-none.win32_1.17.0.201812190825/tools/compiler/bin/../lib/gcc/arm-none-eabi/7.3.1/thumb/v7-m\libgcc.a(_arm_cmpdf2.o)
                              pid/pid.o (__aeabi_dcmple)
c:/ac6/systemworkbench/plugins/fr.ac6.mcu.externaltools.arm-none.win32_1.17.0.201812190825/tools/compiler/bin/../lib/gcc/arm-none-eabi/7.3.1/thumb/v7-m\libgcc.a(_arm_fixunsdfsi.o)
                              pid/pid.o (__aeabi_d2uiz)
c:/ac6/systemworkbench/plugins/fr.ac6.mcu.externaltools.arm-none.win32_1.17.0.201812190825/tools/compiler/bin/../lib/gcc/arm-none-eabi/7.3.1/thumb/v7-m\libgcc.a(_aeabi_ldivmod.o)
                              ds1302/ds1302.o (__aeabi_ldivmod)
c:/ac6/systemworkbench/plugins/fr.ac6.mcu.externaltools.arm-none.win32_1.17.0.201812190825/tools/compiler/bin/../lib/gcc/arm-none-eabi/7.3.1/thumb/v7-m\libgcc.a(_udivmoddi4.o)
                              c:/ac6/systemworkbench/plugins/fr.ac6.mcu.externaltools.arm-none.win32_1.17.0.201812190825/tools/compiler/bin/../lib/gcc/arm-none-eabi/7.3.1/thumb/v7-m\libgcc.a(_aeabi_ldivmod.o) (__udivmoddi4)
c:/ac6/systemworkbench/plugins/fr.ac6.mcu.externaltools.arm-none.win32_1.17.0.201812190825/tools/compiler/bin/../lib/gcc/arm-none-eabi/7.3.1/thumb/v7-m\libgcc.a(_dvmd_tls.o)
                              c:/ac6/systemworkbench/plugins/fr.ac6.mcu.externaltools.arm-none.win32_1.17.0.201812190825/tools/compiler/bin/../lib/gcc/arm-none-eabi/7.3.1/thumb/v7-m\libgcc.a(_aeabi_ldivmod.o) (__aeabi_ldiv0)
c:/ac6/systemworkbench/plugins/fr.ac6.mcu.externaltools.arm-none.win32_1.17.0.201812190825/tools/compiler/bin/../lib/gcc/arm-none-eabi/7.3.1/../../../../arm-none-eabi/lib/thumb/v7-m\libc_nano.a(lib_a-errno.o)
                              Src/syscalls.o (__errno)
c:/ac6/systemworkbench/plugins/fr.ac6.mcu.externaltools.arm-none.win32_1.17.0.201812190825/tools/compiler/bin/../lib/gcc/arm-none-eabi/7.3.1/../../../../arm-none-eabi/lib/thumb/v7-m\libc_nano.a(lib_a-exit.o)
                              c:/ac6/systemworkbench/plugins/fr.ac6.mcu.externaltools.arm-none.win32_1.17.0.201812190825/tools/compiler/bin/../lib/gcc/arm-none-eabi/7.3.1/../../../../arm-none-eabi/lib/thumb/v7-m/crt0.o (exit)
c:/ac6/systemworkbench/plugins/fr.ac6.mcu.externaltools.arm-none.win32_1.17.0.201812190825/tools/compiler/bin/../lib/gcc/arm-none-eabi/7.3.1/../../../../arm-none-eabi/lib/thumb/v7-m\libc_nano.a(lib_a-impure.o)
                              c:/ac6/systemworkbench/plugins/fr.ac6.mcu.externaltools.arm-none.win32_1.17.0.201812190825/tools/compiler/bin/../lib/gcc/arm-none-eabi/7.3.1/../../../../arm-none-eabi/lib/thumb/v7-m\libc_nano.a(lib_a-exit.o) (_global_impure_ptr)
c:/ac6/systemworkbench/plugins/fr.ac6.mcu.externaltools.arm-none.win32_1.17.0.201812190825/tools/compiler/bin/../lib/gcc/arm-none-eabi/7.3.1/../../../../arm-none-eabi/lib/thumb/v7-m\libc_nano.a(lib_a-init.o)
                              c:/ac6/systemworkbench/plugins/fr.ac6.mcu.externaltools.arm-none.win32_1.17.0.201812190825/tools/compiler/bin/../lib/gcc/arm-none-eabi/7.3.1/../../../../arm-none-eabi/lib/thumb/v7-m/crt0.o (__libc_init_array)
c:/ac6/systemworkbench/plugins/fr.ac6.mcu.externaltools.arm-none.win32_1.17.0.201812190825/tools/compiler/bin/../lib/gcc/arm-none-eabi/7.3.1/../../../../arm-none-eabi/lib/thumb/v7-m\libc_nano.a(lib_a-memcpy-stub.o)
                              ds1302/ds1302.o (memcpy)
c:/ac6/systemworkbench/plugins/fr.ac6.mcu.externaltools.arm-none.win32_1.17.0.201812190825/tools/compiler/bin/../lib/gcc/arm-none-eabi/7.3.1/../../../../arm-none-eabi/lib/thumb/v7-m\libc_nano.a(lib_a-memset.o)
                              c:/ac6/systemworkbench/plugins/fr.ac6.mcu.externaltools.arm-none.win32_1.17.0.201812190825/tools/compiler/bin/../lib/gcc/arm-none-eabi/7.3.1/../../../../arm-none-eabi/lib/thumb/v7-m/crt0.o (memset)
c:/ac6/systemworkbench/plugins/fr.ac6.mcu.externaltools.arm-none.win32_1.17.0.201812190825/tools/compiler/bin/../lib/gcc/arm-none-eabi/7.3.1/../../../../arm-none-eabi/lib/thumb/v7-m\libc_nano.a(lib_a-snprintf.o)
                              menu/menu.o (snprintf)
c:/ac6/systemworkbench/plugins/fr.ac6.mcu.externaltools.arm-none.win32_1.17.0.201812190825/tools/compiler/bin/../lib/gcc/arm-none-eabi/7.3.1/../../../../arm-none-eabi/lib/thumb/v7-m\libc_nano.a(lib_a-sprintf.o)
                              lcd/bigFont_lcdI2c.o (sprintf)
[...]
Memory Configuration

Name             Origin             Length             Attributes
RAM              0x20000000         0x00005000         xrw
FLASH            0x08000000         0x00010000         xr
*default*        0x00000000         0xffffffff

Linker script and memory map

LOAD c:/ac6/systemworkbench/plugins/fr.ac6.mcu.externaltools.arm-none.win32_1.17.0.201812190825/tools/compiler/bin/../lib/gcc/arm-none-eabi/7.3.1/thumb/v7-m/crti.o
LOAD c:/ac6/systemworkbench/plugins/fr.ac6.mcu.externaltools.arm-none.win32_1.17.0.201812190825/tools/compiler/bin/../lib/gcc/arm-none-eabi/7.3.1/thumb/v7-m/crtbegin.o
LOAD c:/ac6/systemworkbench/plugins/fr.ac6.mcu.externaltools.arm-none.win32_1.17.0.201812190825/tools/compiler/bin/../lib/gcc/arm-none-eabi/7.3.1/../../../../arm-none-eabi/lib/thumb/v7-m/crt0.o
LOAD Drivers/STM32F1xx_HAL_Driver/Src/stm32f1xx_hal.o
LOAD Drivers/STM32F1xx_HAL_Driver/Src/stm32f1xx_hal_adc.o
LOAD Drivers/STM32F1xx_HAL_Driver/Src/stm32f1xx_hal_adc_ex.o
LOAD Drivers/STM32F1xx_HAL_Driver/Src/stm32f1xx_hal_cortex.o
LOAD Drivers/STM32F1xx_HAL_Driver/Src/stm32f1xx_hal_dma.o
LOAD Drivers/STM32F1xx_HAL_Driver/Src/stm32f1xx_hal_exti.o
LOAD Drivers/STM32F1xx_HAL_Driver/Src/stm32f1xx_hal_flash.o
LOAD Drivers/STM32F1xx_HAL_Driver/Src/stm32f1xx_hal_flash_ex.o
LOAD Drivers/STM32F1xx_HAL_Driver/Src/stm32f1xx_hal_gpio.o
LOAD Drivers/STM32F1xx_HAL_Driver/Src/stm32f1xx_hal_gpio_ex.o
LOAD Drivers/STM32F1xx_HAL_Driver/Src/stm32f1xx_hal_i2c.o
LOAD Drivers/STM32F1xx_HAL_Driver/Src/stm32f1xx_hal_pwr.o
LOAD Drivers/STM32F1xx_HAL_Driver/Src/stm32f1xx_hal_rcc.o
LOAD Drivers/STM32F1xx_HAL_Driver/Src/stm32f1xx_hal_rcc_ex.o
LOAD Drivers/STM32F1xx_HAL_Driver/Src/stm32f1xx_hal_spi.o
LOAD Drivers/STM32F1xx_HAL_Driver/Src/stm32f1xx_hal_tim.o
LOAD Drivers/STM32F1xx_HAL_Driver/Src/stm32f1xx_hal_tim_ex.o
LOAD Drivers/STM32F1xx_HAL_Driver/Src/stm32f1xx_hal_uart.o
LOAD Src/main.o
LOAD Src/stm32f1xx_hal_msp.o
LOAD Src/stm32f1xx_it.o
LOAD Src/syscalls.o
LOAD Src/system_stm32f1xx.o
LOAD ds1302/ds1302.o
LOAD lcd/bigFont_lcdI2c.o
LOAD lcd/lcd_Hd44780I2C.o
LOAD menu/menu.o
LOAD pid/pid.o
LOAD sdbg/sdbg.o
LOAD startup/startup_stm32f103xb.o
LOAD c:/ac6/systemworkbench/plugins/fr.ac6.mcu.externaltools.arm-none.win32_1.17.0.201812190825/tools/compiler/bin/../lib/gcc/arm-none-eabi/7.3.1/../../../../arm-none-eabi/lib/thumb/v7-m\libm.a
START GROUP
LOAD c:/ac6/systemworkbench/plugins/fr.ac6.mcu.externaltools.arm-none.win32_1.17.0.201812190825/tools/compiler/bin/../lib/gcc/arm-none-eabi/7.3.1/thumb/v7-m\libgcc.a
LOAD c:/ac6/systemworkbench/plugins/fr.ac6.mcu.externaltools.arm-none.win32_1.17.0.201812190825/tools/compiler/bin/../lib/gcc/arm-none-eabi/7.3.1/../../../../arm-none-eabi/lib/thumb/v7-m\libc_nano.a
END GROUP
START GROUP
LOAD c:/ac6/systemworkbench/plugins/fr.ac6.mcu.externaltools.arm-none.win32_1.17.0.201812190825/tools/compiler/bin/../lib/gcc/arm-none-eabi/7.3.1/thumb/v7-m\libgcc.a
LOAD c:/ac6/systemworkbench/plugins/fr.ac6.mcu.externaltools.arm-none.win32_1.17.0.201812190825/tools/compiler/bin/../lib/gcc/arm-none-eabi/7.3.1/../../../../arm-none-eabi/lib/thumb/v7-m\libc_nano.a
LOAD c:/ac6/systemworkbench/plugins/fr.ac6.mcu.externaltools.arm-none.win32_1.17.0.201812190825/tools/compiler/bin/../lib/gcc/arm-none-eabi/7.3.1/../../../../arm-none-eabi/lib/thumb/v7-m\libnosys.a
END GROUP
START GROUP
LOAD c:/ac6/systemworkbench/plugins/fr.ac6.mcu.externaltools.arm-none.win32_1.17.0.201812190825/tools/compiler/bin/../lib/gcc/arm-none-eabi/7.3.1/thumb/v7-m\libgcc.a
LOAD c:/ac6/systemworkbench/plugins/fr.ac6.mcu.externaltools.arm-none.win32_1.17.0.201812190825/tools/compiler/bin/../lib/gcc/arm-none-eabi/7.3.1/../../../../arm-none-eabi/lib/thumb/v7-m\libc_nano.a
LOAD c:/ac6/systemworkbench/plugins/fr.ac6.mcu.externaltools.arm-none.win32_1.17.0.201812190825/tools/compiler/bin/../lib/gcc/arm-none-eabi/7.3.1/../../../../arm-none-eabi/lib/thumb/v7-m\libnosys.a
END GROUP
LOAD c:/ac6/systemworkbench/plugins/fr.ac6.mcu.externaltools.arm-none.win32_1.17.0.201812190825/tools/compiler/bin/../lib/gcc/arm-none-eabi/7.3.1/thumb/v7-m/crtend.o
LOAD c:/ac6/systemworkbench/plugins/fr.ac6.mcu.externaltools.arm-none.win32_1.17.0.201812190825/tools/compiler/bin/../lib/gcc/arm-none-eabi/7.3.1/thumb/v7-m/crtn.o
                0x20005000                _estack = 0x20005000
                0x00000200                _Min_Heap_Size = 0x200
                0x00000400                _Min_Stack_Size = 0x400

.isr_vector     0x08000000      0x10c
                0x08000000                . = ALIGN (0x4)
 *(.isr_vector)
 .isr_vector    0x08000000      0x10c startup/startup_stm32f103xb.o
                0x08000000                g_pfnVectors
                0x0800010c                . = ALIGN (0x4)

.text           0x08000110     0xdc70
                0x08000110                . = ALIGN (0x4)
 *(.text)
 .text          0x08000110       0x40 c:/ac6/systemworkbench/plugins/fr.ac6.mcu.externaltools.arm-none.win32_1.17.0.201812190825/tools/compiler/bin/../lib/gcc/arm-none-eabi/7.3.1/thumb/v7-m/crtbegin.o
 .text          0x08000150      0x378 c:/ac6/systemworkbench/plugins/fr.ac6.mcu.externaltools.arm-none.win32_1.17.0.201812190825/tools/compiler/bin/../lib/gcc/arm-none-eabi/7.3.1/thumb/v7-m\libgcc.a(_arm_addsubdf3.o)
                0x08000150                __aeabi_drsub
                0x08000158                __aeabi_dsub
                0x08000158                __subdf3
                0x0800015c                __aeabi_dadd
                0x0800015c                __adddf3
                0x080003d4                __floatunsidf
                0x080003d4                __aeabi_ui2d
                0x080003f4                __floatsidf
                0x080003f4                __aeabi_i2d
                0x08000418                __aeabi_f2d
                0x08000418                __extendsfdf2
                0x0800045c                __floatundidf
                0x0800045c                __aeabi_ul2d
                0x0800046c                __floatdidf
                0x0800046c                __aeabi_l2d
 .text          0x080004c8      0x424 c:/ac6/systemworkbench/plugins/fr.ac6.mcu.externaltools.arm-none.win32_1.17.0.201812190825/tools/compiler/bin/../lib/gcc/arm-none-eabi/7.3.1/thumb/v7-m\libgcc.a(_arm_muldivdf3.o)
                0x080004c8                __aeabi_dmul
                0x080004c8                __muldf3
                0x0800071c                __divdf3
                0x0800071c                __aeabi_ddiv
 .text          0x080008ec      0x110 c:/ac6/systemworkbench/plugins/fr.ac6.mcu.externaltools.arm-none.win32_1.17.0.201812190825/tools/compiler/bin/../lib/gcc/arm-none-eabi/7.3.1/thumb/v7-m\libgcc.a(_arm_cmpdf2.o)
                0x080008ec                __gtdf2
                0x080008ec                __gedf2
                0x080008f4                __ltdf2
                0x080008f4                __ledf2
                0x080008fc                __nedf2
                0x080008fc                __eqdf2
                0x080008fc                __cmpdf2
                0x08000978                __aeabi_cdrcmple
                0x08000988                __aeabi_cdcmpeq
                0x08000988                __aeabi_cdcmple
                0x08000998                __aeabi_dcmpeq
                0x080009ac                __aeabi_dcmplt
                0x080009c0                __aeabi_dcmple
                0x080009d4                __aeabi_dcmpge
                0x080009e8                __aeabi_dcmpgt
 .text          0x080009fc       0x40 c:/ac6/systemworkbench/plugins/fr.ac6.mcu.externaltools.arm-none.win32_1.17.0.201812190825/tools/compiler/bin/../lib/gcc/arm-none-eabi/7.3.1/thumb/v7-m\libgcc.a(_arm_fixunsdfsi.o)
                0x080009fc                __aeabi_d2uiz
                0x080009fc                __fixunsdfsi
 .text          0x08000a3c       0xa0 c:/ac6/systemworkbench/plugins/fr.ac6.mcu.externaltools.arm-none.win32_1.17.0.201812190825/tools/compiler/bin/../lib/gcc/arm-none-eabi/7.3.1/thumb/v7-m\libgcc.a(_aeabi_ldivmod.o)
                0x08000a3c                __aeabi_ldivmod
 .text          0x08000adc      0x2d0 c:/ac6/systemworkbench/plugins/fr.ac6.mcu.externaltools.arm-none.win32_1.17.0.201812190825/tools/compiler/bin/../lib/gcc/arm-none-eabi/7.3.1/thumb/v7-m\libgcc.a(_udivmoddi4.o)
                0x08000adc                __udivmoddi4
 .text          0x08000dac        0x4 c:/ac6/systemworkbench/plugins/fr.ac6.mcu.externaltools.arm-none.win32_1.17.0.201812190825/tools/compiler/bin/../lib/gcc/arm-none-eabi/7.3.1/thumb/v7-m\libgcc.a(_dvmd_tls.o)
                0x08000dac                __aeabi_idiv0
                0x08000dac                __aeabi_ldiv0
 .text          0x08000db0       0x14 c:/ac6/systemworkbench/plugins/fr.ac6.mcu.externaltools.arm-none.win32_1.17.0.201812190825/tools/compiler/bin/../lib/gcc/arm-none-eabi/7.3.1/../../../../arm-none-eabi/lib/thumb/v7-m\libc_nano.a(lib_a-strcmp.o)
                0x08000db0                strcmp
 .text          0x08000dc4       0x10 c:/ac6/systemworkbench/plugins/fr.ac6.mcu.externaltools.arm-none.win32_1.17.0.201812190825/tools/compiler/bin/../lib/gcc/arm-none-eabi/7.3.1/../../../../arm-none-eabi/lib/thumb/v7-m\libc_nano.a(lib_a-strlen.o)
                0x08000dc4                strlen
 *(.text*)
 .text.HAL_Init
                0x08000dd4       0x2c Drivers/STM32F1xx_HAL_Driver/Src/stm32f1xx_hal.o
                0x08000dd4                HAL_Init
 .text.HAL_InitTick
                0x08000e00       0x60 Drivers/STM32F1xx_HAL_Driver/Src/stm32f1xx_hal.o
                0x08000e00                HAL_InitTick
 .text.HAL_IncTick
                0x08000e60       0x24 Drivers/STM32F1xx_HAL_Driver/Src/stm32f1xx_hal.o
                0x08000e60                HAL_IncTick
 .text.HAL_GetTick
                0x08000e84       0x14 Drivers/STM32F1xx_HAL_Driver/Src/stm32f1xx_hal.o
                0x08000e84                HAL_GetTick
 .text.HAL_ADC_Init
                0x08000e98      0x1b0 Drivers/STM32F1xx_HAL_Driver/Src/stm32f1xx_hal_adc.o
                0x08000e98                HAL_ADC_Init
 .text.HAL_ADC_Start
                0x08001048      0x15c Drivers/STM32F1xx_HAL_Driver/Src/stm32f1xx_hal_adc.o
                0x08001048                HAL_ADC_Start
 .text.HAL_ADC_Start_DMA
                0x080011a4      0x1bc Drivers/STM32F1xx_HAL_Driver/Src/stm32f1xx_hal_adc.o
                0x080011a4                HAL_ADC_Start_DMA
 .text.HAL_ADC_ConvHalfCpltCallback
                0x08001360       0x12 Drivers/STM32F1xx_HAL_Driver/Src/stm32f1xx_hal_adc.o
                0x08001360                HAL_ADC_ConvHalfCpltCallback
 .text.HAL_ADC_ErrorCallback
                0x08001372       0x12 Drivers/STM32F1xx_HAL_Driver/Src/stm32f1xx_hal_adc.o
                0x08001372                HAL_ADC_ErrorCallback
 .text.HAL_ADC_ConfigChannel
                0x08001384      0x1f0 Drivers/STM32F1xx_HAL_Driver/Src/stm32f1xx_hal_adc.o
                0x08001384                HAL_ADC_ConfigChannel
 .text.ADC_Enable
                0x08001574       0xb4 Drivers/STM32F1xx_HAL_Driver/Src/stm32f1xx_hal_adc.o
                0x08001574                ADC_Enable
 .text.ADC_ConversionStop_Disable
                0x08001628       0x82 Drivers/STM32F1xx_HAL_Driver/Src/stm32f1xx_hal_adc.o
                0x08001628                ADC_ConversionStop_Disable
 .text.ADC_DMAConvCplt
                0x080016aa       0x7c Drivers/STM32F1xx_HAL_Driver/Src/stm32f1xx_hal_adc.o
                0x080016aa                ADC_DMAConvCplt
 .text.ADC_DMAHalfConvCplt
                0x08001726       0x1c Drivers/STM32F1xx_HAL_Driver/Src/stm32f1xx_hal_adc.o
                0x08001726                ADC_DMAHalfConvCplt
 .text.ADC_DMAError
                0x08001742       0x34 Drivers/STM32F1xx_HAL_Driver/Src/stm32f1xx_hal_adc.o
                0x08001742                ADC_DMAError
 *fill*         0x08001776        0x2 
 .text.HAL_ADCEx_Calibration_Start
                0x08001778      0x158 Drivers/STM32F1xx_HAL_Driver/Src/stm32f1xx_hal_adc_ex.o
                0x08001778                HAL_ADCEx_Calibration_Start
 .text.__NVIC_SetPriorityGrouping
                0x080018d0       0x48 Drivers/STM32F1xx_HAL_Driver/Src/stm32f1xx_hal_cortex.o
 .text.__NVIC_GetPriorityGrouping
                0x08001918       0x1c Drivers/STM32F1xx_HAL_Driver/Src/stm32f1xx_hal_cortex.o
 .text.__NVIC_EnableIRQ
                0x08001934       0x38 Drivers/STM32F1xx_HAL_Driver/Src/stm32f1xx_hal_cortex.o
 .text.__NVIC_DisableIRQ
                0x0800196c       0x44 Drivers/STM32F1xx_HAL_Driver/Src/stm32f1xx_hal_cortex.o
 .text.__NVIC_SetPriority
                0x080019b0       0x54 Drivers/STM32F1xx_HAL_Driver/Src/stm32f1xx_hal_cortex.o
 .text.NVIC_EncodePriority
                0x08001a04       0x64 Drivers/STM32F1xx_HAL_Driver/Src/stm32f1xx_hal_cortex.o
 .text.SysTick_Config
                0x08001a68       0x44 Drivers/STM32F1xx_HAL_Driver/Src/stm32f1xx_hal_cortex.o
 .text.HAL_NVIC_SetPriorityGrouping
                0x08001aac       0x16 Drivers/STM32F1xx_HAL_Driver/Src/stm32f1xx_hal_cortex.o
                0x08001aac                HAL_NVIC_SetPriorityGrouping
 .text.HAL_NVIC_SetPriority
                0x08001ac2       0x38 Drivers/STM32F1xx_HAL_Driver/Src/stm32f1xx_hal_cortex.o
                0x08001ac2                HAL_NVIC_SetPriority
 .text.HAL_NVIC_EnableIRQ
                0x08001afa       0x1c Drivers/STM32F1xx_HAL_Driver/Src/stm32f1xx_hal_cortex.o
                0x08001afa                HAL_NVIC_EnableIRQ
 .text.HAL_NVIC_DisableIRQ
                0x08001b16       0x1c Drivers/STM32F1xx_HAL_Driver/Src/stm32f1xx_hal_cortex.o
                0x08001b16                HAL_NVIC_DisableIRQ
 .text.HAL_SYSTICK_Config
                0x08001b32       0x18 Drivers/STM32F1xx_HAL_Driver/Src/stm32f1xx_hal_cortex.o
                0x08001b32                HAL_SYSTICK_Config
 *fill*         0x08001b4a        0x2 
 .text.HAL_DMA_Init
                0x08001b4c       0xb4 Drivers/STM32F1xx_HAL_Driver/Src/stm32f1xx_hal_dma.o
                0x08001b4c                HAL_DMA_Init
 .text.HAL_DMA_Start_IT
                0x08001c00       0xbe Drivers/STM32F1xx_HAL_Driver/Src/stm32f1xx_hal_dma.o
                0x08001c00                HAL_DMA_Start_IT
 .text.HAL_DMA_Abort
                0x08001cbe       0x74 Drivers/STM32F1xx_HAL_Driver/Src/stm32f1xx_hal_dma.o
                0x08001cbe                HAL_DMA_Abort
 *fill*         0x08001d32        0x2 
 .text.HAL_DMA_Abort_IT
                0x08001d34       0xec Drivers/STM32F1xx_HAL_Driver/Src/stm32f1xx_hal_dma.o
                0x08001d34                HAL_DMA_Abort_IT
 .text.HAL_DMA_IRQHandler
                0x08001e20      0x20c Drivers/STM32F1xx_HAL_Driver/Src/stm32f1xx_hal_dma.o
                0x08001e20                HAL_DMA_IRQHandler
 .text.HAL_DMA_GetState
                0x0800202c       0x18 Drivers/STM32F1xx_HAL_Driver/Src/stm32f1xx_hal_dma.o
                0x0800202c                HAL_DMA_GetState
 .text.DMA_SetConfig
                0x08002044       0x5a Drivers/STM32F1xx_HAL_Driver/Src/stm32f1xx_hal_dma.o
 *fill*         0x0800209e        0x2 
 .text.HAL_GPIO_Init
                0x080020a0      0x2b4 Drivers/STM32F1xx_HAL_Driver/Src/stm32f1xx_hal_gpio.o
                0x080020a0                HAL_GPIO_Init
 .text.HAL_GPIO_ReadPin
                0x08002354       0x2e Drivers/STM32F1xx_HAL_Driver/Src/stm32f1xx_hal_gpio.o
                0x08002354                HAL_GPIO_ReadPin
 .text.HAL_GPIO_WritePin
                0x08002382       0x30 Drivers/STM32F1xx_HAL_Driver/Src/stm32f1xx_hal_gpio.o
                0x08002382                HAL_GPIO_WritePin
 .text.HAL_GPIO_TogglePin
                0x080023b2       0x32 Drivers/STM32F1xx_HAL_Driver/Src/stm32f1xx_hal_gpio.o
                0x080023b2                HAL_GPIO_TogglePin
 .text.HAL_GPIO_EXTI_IRQHandler
                0x080023e4       0x30 Drivers/STM32F1xx_HAL_Driver/Src/stm32f1xx_hal_gpio.o
                0x080023e4                HAL_GPIO_EXTI_IRQHandler
 .text.HAL_I2C_Init
                0x08002414      0x270 Drivers/STM32F1xx_HAL_Driver/Src/stm32f1xx_hal_i2c.o
                0x08002414                HAL_I2C_Init
 .text.HAL_I2C_Master_Transmit_IT
                0x08002684      0x148 Drivers/STM32F1xx_HAL_Driver/Src/stm32f1xx_hal_i2c.o
                0x08002684                HAL_I2C_Master_Transmit_IT
 .text.HAL_I2C_EV_IRQHandler
                0x080027cc      0x2e2 Drivers/STM32F1xx_HAL_Driver/Src/stm32f1xx_hal_i2c.o
                0x080027cc                HAL_I2C_EV_IRQHandler
 .text.HAL_I2C_SlaveTxCpltCallback
                0x08002aae       0x12 Drivers/STM32F1xx_HAL_Driver/Src/stm32f1xx_hal_i2c.o
                0x08002aae                HAL_I2C_SlaveTxCpltCallback
 .text.HAL_I2C_SlaveRxCpltCallback
                0x08002ac0       0x12 Drivers/STM32F1xx_HAL_Driver/Src/stm32f1xx_hal_i2c.o
                0x08002ac0                HAL_I2C_SlaveRxCpltCallback
 .text.HAL_I2C_AddrCallback
                0x08002ad2       0x1a Drivers/STM32F1xx_HAL_Driver/Src/stm32f1xx_hal_i2c.o
                0x08002ad2                HAL_I2C_AddrCallback
 .text.HAL_I2C_ListenCpltCallback
                0x08002aec       0x12 Drivers/STM32F1xx_HAL_Driver/Src/stm32f1xx_hal_i2c.o
                0x08002aec                HAL_I2C_ListenCpltCallback
 .text.HAL_I2C_MemTxCpltCallback
                0x08002afe       0x12 Drivers/STM32F1xx_HAL_Driver/Src/stm32f1xx_hal_i2c.o
                0x08002afe                HAL_I2C_MemTxCpltCallback
 .text.HAL_I2C_MemRxCpltCallback
                0x08002b10       0x12 Drivers/STM32F1xx_HAL_Driver/Src/stm32f1xx_hal_i2c.o
                0x08002b10                HAL_I2C_MemRxCpltCallback
 .text.HAL_I2C_ErrorCallback
                0x08002b22       0x12 Drivers/STM32F1xx_HAL_Driver/Src/stm32f1xx_hal_i2c.o
                0x08002b22                HAL_I2C_ErrorCallback
 .text.HAL_I2C_AbortCpltCallback
                0x08002b34       0x12 Drivers/STM32F1xx_HAL_Driver/Src/stm32f1xx_hal_i2c.o
                0x08002b34                HAL_I2C_AbortCpltCallback
 .text.HAL_I2C_GetState
                0x08002b46       0x1a Drivers/STM32F1xx_HAL_Driver/Src/stm32f1xx_hal_i2c.o
                0x08002b46                HAL_I2C_GetState
 .text.I2C_MasterTransmit_TXE
                0x08002b60      0x138 Drivers/STM32F1xx_HAL_Driver/Src/stm32f1xx_hal_i2c.o
 .text.I2C_MasterTransmit_BTF
                0x08002c98       0xec Drivers/STM32F1xx_HAL_Driver/Src/stm32f1xx_hal_i2c.o
 .text.I2C_MemoryTransmit_TXE_BTF
                0x08002d84      0x128 Drivers/STM32F1xx_HAL_Driver/Src/stm32f1xx_hal_i2c.o
 .text.I2C_MasterReceive_RXNE
                0x08002eac      0x162 Drivers/STM32F1xx_HAL_Driver/Src/stm32f1xx_hal_i2c.o
 .text.I2C_MasterReceive_BTF
                0x0800300e      0x1d4 Drivers/STM32F1xx_HAL_Driver/Src/stm32f1xx_hal_i2c.o
 .text.I2C_Master_SB
                0x080031e2      0x10a Drivers/STM32F1xx_HAL_Driver/Src/stm32f1xx_hal_i2c.o
 .text.I2C_Master_ADD10
                0x080032ec       0x52 Drivers/STM32F1xx_HAL_Driver/Src/stm32f1xx_hal_i2c.o
 .text.I2C_Master_ADDR
                0x0800333e      0x336 Drivers/STM32F1xx_HAL_Driver/Src/stm32f1xx_hal_i2c.o
 .text.I2C_SlaveTransmit_TXE
                0x08003674       0x7a Drivers/STM32F1xx_HAL_Driver/Src/stm32f1xx_hal_i2c.o
 .text.I2C_SlaveTransmit_BTF
                0x080036ee       0x40 Drivers/STM32F1xx_HAL_Driver/Src/stm32f1xx_hal_i2c.o
 .text.I2C_SlaveReceive_RXNE
                0x0800372e       0x7c Drivers/STM32F1xx_HAL_Driver/Src/stm32f1xx_hal_i2c.o
 .text.I2C_SlaveReceive_BTF
                0x080037aa       0x42 Drivers/STM32F1xx_HAL_Driver/Src/stm32f1xx_hal_i2c.o
 .text.I2C_Slave_ADDR
                0x080037ec       0x94 Drivers/STM32F1xx_HAL_Driver/Src/stm32f1xx_hal_i2c.o
 .text.I2C_Slave_STOPF
                0x08003880      0x260 Drivers/STM32F1xx_HAL_Driver/Src/stm32f1xx_hal_i2c.o
 .text.I2C_ITError
                0x08003ae0      0x264 Drivers/STM32F1xx_HAL_Driver/Src/stm32f1xx_hal_i2c.o
 .text.I2C_DMAAbort
                0x08003d44      0x150 Drivers/STM32F1xx_HAL_Driver/Src/stm32f1xx_hal_i2c.o
 .text.I2C_WaitOnSTOPRequestThroughIT
                0x08003e94       0x64 Drivers/STM32F1xx_HAL_Driver/Src/stm32f1xx_hal_i2c.o
 .text.I2C_ConvertOtherXferOptions
                0x08003ef8       0x34 Drivers/STM32F1xx_HAL_Driver/Src/stm32f1xx_hal_i2c.o
 .text.HAL_RCC_OscConfig
                0x08003f2c      0x500 Drivers/STM32F1xx_HAL_Driver/Src/stm32f1xx_hal_rcc.o
                0x08003f2c                HAL_RCC_OscConfig
 .text.HAL_RCC_ClockConfig
                0x0800442c      0x1d4 Drivers/STM32F1xx_HAL_Driver/Src/stm32f1xx_hal_rcc.o
                0x0800442c                HAL_RCC_ClockConfig
 .text.HAL_RCC_GetSysClockFreq
                0x08004600       0xc4 Drivers/STM32F1xx_HAL_Driver/Src/stm32f1xx_hal_rcc.o
                0x08004600                HAL_RCC_GetSysClockFreq
 .text.HAL_RCC_GetHCLKFreq
                0x080046c4       0x14 Drivers/STM32F1xx_HAL_Driver/Src/stm32f1xx_hal_rcc.o
                0x080046c4                HAL_RCC_GetHCLKFreq
 .text.HAL_RCC_GetPCLK1Freq
                0x080046d8       0x28 Drivers/STM32F1xx_HAL_Driver/Src/stm32f1xx_hal_rcc.o
                0x080046d8                HAL_RCC_GetPCLK1Freq
 .text.HAL_RCC_GetPCLK2Freq
                0x08004700       0x28 Drivers/STM32F1xx_HAL_Driver/Src/stm32f1xx_hal_rcc.o
                0x08004700                HAL_RCC_GetPCLK2Freq
 .text.RCC_Delay
                0x08004728       0x3c Drivers/STM32F1xx_HAL_Driver/Src/stm32f1xx_hal_rcc.o
 .text.HAL_RCCEx_PeriphCLKConfig
                0x08004764      0x16c Drivers/STM32F1xx_HAL_Driver/Src/stm32f1xx_hal_rcc_ex.o
                0x08004764                HAL_RCCEx_PeriphCLKConfig
 .text.HAL_RCCEx_GetPeriphCLKFreq
                0x080048d0      0x178 Drivers/STM32F1xx_HAL_Driver/Src/stm32f1xx_hal_rcc_ex.o
                0x080048d0                HAL_RCCEx_GetPeriphCLKFreq
 .text.HAL_SPI_Init
                0x08004a48      0x108 Drivers/STM32F1xx_HAL_Driver/Src/stm32f1xx_hal_spi.o
                0x08004a48                HAL_SPI_Init
 .text.HAL_SPI_Transmit
                0x08004b50      0x278 Drivers/STM32F1xx_HAL_Driver/Src/stm32f1xx_hal_spi.o
                0x08004b50                HAL_SPI_Transmit
 .text.SPI_WaitFlagStateUntilTimeout
                0x08004dc8      0x110 Drivers/STM32F1xx_HAL_Driver/Src/stm32f1xx_hal_spi.o
 .text.SPI_EndRxTxTransaction
                0x08004ed8       0x3c Drivers/STM32F1xx_HAL_Driver/Src/stm32f1xx_hal_spi.o
 .text.HAL_TIM_Base_Init
                0x08004f14       0x9e Drivers/STM32F1xx_HAL_Driver/Src/stm32f1xx_hal_tim.o
                0x08004f14                HAL_TIM_Base_Init
 *fill*         0x08004fb2        0x2 
 .text.HAL_TIM_Base_Start
                0x08004fb4       0x94 Drivers/STM32F1xx_HAL_Driver/Src/stm32f1xx_hal_tim.o
                0x08004fb4                HAL_TIM_Base_Start
 .text.HAL_TIM_Base_Start_IT
                0x08005048       0xa4 Drivers/STM32F1xx_HAL_Driver/Src/stm32f1xx_hal_tim.o
                0x08005048                HAL_TIM_Base_Start_IT
 .text.HAL_TIM_Base_Stop_IT
                0x080050ec       0x5c Drivers/STM32F1xx_HAL_Driver/Src/stm32f1xx_hal_tim.o
                0x080050ec                HAL_TIM_Base_Stop_IT
 .text.HAL_TIM_PWM_Init
                0x08005148       0x9e Drivers/STM32F1xx_HAL_Driver/Src/stm32f1xx_hal_tim.o
                0x08005148                HAL_TIM_PWM_Init
 .text.HAL_TIM_PWM_MspInit
                0x080051e6       0x12 Drivers/STM32F1xx_HAL_Driver/Src/stm32f1xx_hal_tim.o
                0x080051e6                HAL_TIM_PWM_MspInit
 .text.HAL_TIM_Encoder_Init
                0x080051f8      0x144 Drivers/STM32F1xx_HAL_Driver/Src/stm32f1xx_hal_tim.o
                0x080051f8                HAL_TIM_Encoder_Init
 .text.HAL_TIM_Encoder_Start_IT
                0x0800533c      0x15a Drivers/STM32F1xx_HAL_Driver/Src/stm32f1xx_hal_tim.o
                0x0800533c                HAL_TIM_Encoder_Start_IT
 .text.HAL_TIM_IRQHandler
                0x08005496      0x210 Drivers/STM32F1xx_HAL_Driver/Src/stm32f1xx_hal_tim.o
                0x08005496                HAL_TIM_IRQHandler
 *fill*         0x080056a6        0x2 
 .text.HAL_TIM_PWM_ConfigChannel
                0x080056a8      0x17c Drivers/STM32F1xx_HAL_Driver/Src/stm32f1xx_hal_tim.o
                0x080056a8                HAL_TIM_PWM_ConfigChannel
 .text.HAL_TIM_ConfigClockSource
                0x08005824      0x16e Drivers/STM32F1xx_HAL_Driver/Src/stm32f1xx_hal_tim.o
                0x08005824                HAL_TIM_ConfigClockSource
 .text.HAL_TIM_OC_DelayElapsedCallback
                0x08005992       0x12 Drivers/STM32F1xx_HAL_Driver/Src/stm32f1xx_hal_tim.o
                0x08005992                HAL_TIM_OC_DelayElapsedCallback
 .text.HAL_TIM_PWM_PulseFinishedCallback
                0x080059a4       0x12 Drivers/STM32F1xx_HAL_Driver/Src/stm32f1xx_hal_tim.o
                0x080059a4                HAL_TIM_PWM_PulseFinishedCallback
 .text.HAL_TIM_TriggerCallback
                0x080059b6       0x12 Drivers/STM32F1xx_HAL_Driver/Src/stm32f1xx_hal_tim.o
                0x080059b6                HAL_TIM_TriggerCallback
 .text.HAL_TIM_Encoder_GetState
                0x080059c8       0x1a Drivers/STM32F1xx_HAL_Driver/Src/stm32f1xx_hal_tim.o
                0x080059c8                HAL_TIM_Encoder_GetState
 *fill*         0x080059e2        0x2 
 .text.TIM_Base_SetConfig
                0x080059e4       0xc4 Drivers/STM32F1xx_HAL_Driver/Src/stm32f1xx_hal_tim.o
                0x080059e4                TIM_Base_SetConfig
 .text.TIM_OC1_SetConfig
                0x08005aa8       0xcc Drivers/STM32F1xx_HAL_Driver/Src/stm32f1xx_hal_tim.o
 .text.TIM_OC2_SetConfig
                0x08005b74       0xd4 Drivers/STM32F1xx_HAL_Driver/Src/stm32f1xx_hal_tim.o
                0x08005b74                TIM_OC2_SetConfig
 .text.TIM_OC3_SetConfig
                0x08005c48       0xd4 Drivers/STM32F1xx_HAL_Driver/Src/stm32f1xx_hal_tim.o
 .text.TIM_OC4_SetConfig
                0x08005d1c       0x9c Drivers/STM32F1xx_HAL_Driver/Src/stm32f1xx_hal_tim.o
 .text.TIM_TI1_ConfigInputStage
                0x08005db8       0x5c Drivers/STM32F1xx_HAL_Driver/Src/stm32f1xx_hal_tim.o
 .text.TIM_TI2_ConfigInputStage
                0x08005e14       0x5e Drivers/STM32F1xx_HAL_Driver/Src/stm32f1xx_hal_tim.o
 .text.TIM_ITRx_SetConfig
                0x08005e72       0x34 Drivers/STM32F1xx_HAL_Driver/Src/stm32f1xx_hal_tim.o
 .text.TIM_ETR_SetConfig
                0x08005ea6       0x3e Drivers/STM32F1xx_HAL_Driver/Src/stm32f1xx_hal_tim.o
                0x08005ea6                TIM_ETR_SetConfig
 .text.TIM_CCxChannelCmd
                0x08005ee4       0x48 Drivers/STM32F1xx_HAL_Driver/Src/stm32f1xx_hal_tim.o
                0x08005ee4                TIM_CCxChannelCmd
 .text.HAL_TIMEx_MasterConfigSynchronization
                0x08005f2c       0xbc Drivers/STM32F1xx_HAL_Driver/Src/stm32f1xx_hal_tim_ex.o
                0x08005f2c                HAL_TIMEx_MasterConfigSynchronization
 .text.HAL_TIMEx_CommutCallback
                0x08005fe8       0x12 Drivers/STM32F1xx_HAL_Driver/Src/stm32f1xx_hal_tim_ex.o
                0x08005fe8                HAL_TIMEx_CommutCallback
 .text.HAL_TIMEx_BreakCallback
                0x08005ffa       0x12 Drivers/STM32F1xx_HAL_Driver/Src/stm32f1xx_hal_tim_ex.o
                0x08005ffa                HAL_TIMEx_BreakCallback
 .text.HAL_UART_Init
                0x0800600c       0x9a Drivers/STM32F1xx_HAL_Driver/Src/stm32f1xx_hal_uart.o
                0x0800600c                HAL_UART_Init
 *fill*         0x080060a6        0x2 
 .text.HAL_UART_Transmit_DMA
                0x080060a8       0xd8 Drivers/STM32F1xx_HAL_Driver/Src/stm32f1xx_hal_uart.o
                0x080060a8                HAL_UART_Transmit_DMA
 .text.HAL_UART_Receive_DMA
                0x08006180       0x60 Drivers/STM32F1xx_HAL_Driver/Src/stm32f1xx_hal_uart.o
                0x08006180                HAL_UART_Receive_DMA
 .text.HAL_UART_IRQHandler
                0x080061e0      0x358 Drivers/STM32F1xx_HAL_Driver/Src/stm32f1xx_hal_uart.o
                0x080061e0                HAL_UART_IRQHandler
 .text.HAL_UART_TxHalfCpltCallback
                0x08006538       0x12 Drivers/STM32F1xx_HAL_Driver/Src/stm32f1xx_hal_uart.o
                0x08006538                HAL_UART_TxHalfCpltCallback
 .text.HAL_UART_RxHalfCpltCallback
                0x0800654a       0x12 Drivers/STM32F1xx_HAL_Driver/Src/stm32f1xx_hal_uart.o
                0x0800654a                HAL_UART_RxHalfCpltCallback
 .text.HAL_UART_ErrorCallback
                0x0800655c       0x12 Drivers/STM32F1xx_HAL_Driver/Src/stm32f1xx_hal_uart.o
                0x0800655c                HAL_UART_ErrorCallback
 .text.HAL_UARTEx_RxEventCallback
                0x0800656e       0x16 Drivers/STM32F1xx_HAL_Driver/Src/stm32f1xx_hal_uart.o
                0x0800656e                HAL_UARTEx_RxEventCallback
 .text.UART_DMATransmitCplt
                0x08006584       0x52 Drivers/STM32F1xx_HAL_Driver/Src/stm32f1xx_hal_uart.o
 .text.UART_DMATxHalfCplt
                0x080065d6       0x1c Drivers/STM32F1xx_HAL_Driver/Src/stm32f1xx_hal_uart.o
 .text.UART_DMAReceiveCplt
                0x080065f2       0x96 Drivers/STM32F1xx_HAL_Driver/Src/stm32f1xx_hal_uart.o
 .text.UART_DMARxHalfCplt
                0x08006688       0x36 Drivers/STM32F1xx_HAL_Driver/Src/stm32f1xx_hal_uart.o
 .text.UART_DMAError
                0x080066be       0x94 Drivers/STM32F1xx_HAL_Driver/Src/stm32f1xx_hal_uart.o
 *fill*         0x08006752        0x2 
 .text.UART_Start_Receive_DMA
                0x08006754       0xc8 Drivers/STM32F1xx_HAL_Driver/Src/stm32f1xx_hal_uart.o
                0x08006754                UART_Start_Receive_DMA
 .text.UART_EndTxTransfer
                0x0800681c       0x2a Drivers/STM32F1xx_HAL_Driver/Src/stm32f1xx_hal_uart.o
 .text.UART_EndRxTransfer
                0x08006846       0x58 Drivers/STM32F1xx_HAL_Driver/Src/stm32f1xx_hal_uart.o
 .text.UART_DMAAbortOnError
                0x0800689e       0x28 Drivers/STM32F1xx_HAL_Driver/Src/stm32f1xx_hal_uart.o
 .text.UART_Transmit_IT
                0x080068c6       0x9e Drivers/STM32F1xx_HAL_Driver/Src/stm32f1xx_hal_uart.o
 .text.UART_EndTransmit_IT
                0x08006964       0x30 Drivers/STM32F1xx_HAL_Driver/Src/stm32f1xx_hal_uart.o
 .text.UART_Receive_IT
                0x08006994      0x152 Drivers/STM32F1xx_HAL_Driver/Src/stm32f1xx_hal_uart.o
 *fill*         0x08006ae6        0x2 
 .text.UART_SetConfig
                0x08006ae8      0x11c Drivers/STM32F1xx_HAL_Driver/Src/stm32f1xx_hal_uart.o
 .text.HAL_TIM_PeriodElapsedCallback
                0x08006c04       0x84 Src/main.o
                0x08006c04                HAL_TIM_PeriodElapsedCallback
 .text.HAL_ADC_ConvCpltCallback
                0x08006c88       0x58 Src/main.o
                0x08006c88                HAL_ADC_ConvCpltCallback
 .text.HAL_TIM_IC_CaptureCallback
                0x08006ce0       0x74 Src/main.o
                0x08006ce0                HAL_TIM_IC_CaptureCallback
 .text.HAL_I2C_MasterTxCpltCallback
                0x08006d54       0x30 Src/main.o
                0x08006d54                HAL_I2C_MasterTxCpltCallback
 .text.HAL_I2C_MasterRxCpltCallback
                0x08006d84       0x30 Src/main.o
                0x08006d84                HAL_I2C_MasterRxCpltCallback
 .text.HAL_UART_TxCpltCallback
                0x08006db4       0x30 Src/main.o
                0x08006db4                HAL_UART_TxCpltCallback
 .text.HAL_UART_RxCpltCallback
                0x08006de4       0xf0 Src/main.o
                0x08006de4                HAL_UART_RxCpltCallback
 .text.HAL_GPIO_EXTI_Callback
                0x08006ed4       0x4c Src/main.o
                0x08006ed4                HAL_GPIO_EXTI_Callback
 .text.main     0x08006f20      0x2a0 Src/main.o
                0x08006f20                main
 .text.SystemClock_Config
                0x080071c0       0xb6 Src/main.o
                0x080071c0                SystemClock_Config
 *fill*         0x08007276        0x2 
 .text.MX_ADC1_Init
                0x08007278       0x84 Src/main.o
 .text.MX_I2C1_Init
                0x080072fc       0x5c Src/main.o
 .text.MX_SPI1_Init
                0x08007358       0x70 Src/main.o
 .text.MX_TIM1_Init
                0x080073c8       0xa4 Src/main.o
 .text.MX_TIM2_Init
                0x0800746c       0xb0 Src/main.o
 .text.MX_TIM3_Init
                0x0800751c       0x9c Src/main.o
 .text.MX_TIM4_Init
                0x080075b8       0xf0 Src/main.o
 .text.MX_USART1_UART_Init
                0x080076a8       0x54 Src/main.o
 .text.MX_DMA_Init
                0x080076fc       0x5c Src/main.o
 .text.MX_GPIO_Init
                0x08007758      0x108 Src/main.o
 .text.Error_Handler
                0x08007860        0xc Src/main.o
                0x08007860                Error_Handler
 .text.HAL_MspInit
                0x0800786c       0x64 Src/stm32f1xx_hal_msp.o
                0x0800786c                HAL_MspInit
 .text.HAL_ADC_MspInit
                0x080078d0       0xd4 Src/stm32f1xx_hal_msp.o
                0x080078d0                HAL_ADC_MspInit
 .text.HAL_I2C_MspInit
                0x080079a4       0x8c Src/stm32f1xx_hal_msp.o
                0x080079a4                HAL_I2C_MspInit
 .text.HAL_SPI_MspInit
                0x08007a30       0x7c Src/stm32f1xx_hal_msp.o
                0x08007a30                HAL_SPI_MspInit
 .text.HAL_TIM_Base_MspInit
                0x08007aac       0xac Src/stm32f1xx_hal_msp.o
                0x08007aac                HAL_TIM_Base_MspInit
 .text.HAL_TIM_Encoder_MspInit
                0x08007b58       0x88 Src/stm32f1xx_hal_msp.o
                0x08007b58                HAL_TIM_Encoder_MspInit
 .text.HAL_TIM_MspPostInit
                0x08007be0       0x68 Src/stm32f1xx_hal_msp.o
                0x08007be0                HAL_TIM_MspPostInit
 .text.HAL_UART_MspInit
                0x08007c48      0x154 Src/stm32f1xx_hal_msp.o
                0x08007c48                HAL_UART_MspInit
 .text.NMI_Handler
                0x08007d9c        0xc Src/stm32f1xx_it.o
                0x08007d9c                NMI_Handler
 .text.HardFault_Handler
                0x08007da8        0x6 Src/stm32f1xx_it.o
                0x08007da8                HardFault_Handler
 .text.MemManage_Handler
                0x08007dae        0x6 Src/stm32f1xx_it.o
                0x08007dae                MemManage_Handler
 .text.BusFault_Handler
                0x08007db4        0x6 Src/stm32f1xx_it.o
                0x08007db4                BusFault_Handler
 .text.UsageFault_Handler
                0x08007dba        0x6 Src/stm32f1xx_it.o
                0x08007dba                UsageFault_Handler
 .text.SVC_Handler
                0x08007dc0        0xc Src/stm32f1xx_it.o
                0x08007dc0                SVC_Handler
 .text.DebugMon_Handler
                0x08007dcc        0xc Src/stm32f1xx_it.o
                0x08007dcc                DebugMon_Handler
 .text.PendSV_Handler
                0x08007dd8        0xc Src/stm32f1xx_it.o
                0x08007dd8                PendSV_Handler
 .text.SysTick_Handler
                0x08007de4        0xc Src/stm32f1xx_it.o
                0x08007de4                SysTick_Handler
 .text.EXTI4_IRQHandler
                0x08007df0        0xe Src/stm32f1xx_it.o
                0x08007df0                EXTI4_IRQHandler
 *fill*         0x08007dfe        0x2 
 .text.DMA1_Channel1_IRQHandler
                0x08007e00       0x14 Src/stm32f1xx_it.o
                0x08007e00                DMA1_Channel1_IRQHandler
 .text.DMA1_Channel4_IRQHandler
                0x08007e14       0x14 Src/stm32f1xx_it.o
                0x08007e14                DMA1_Channel4_IRQHandler
 .text.DMA1_Channel5_IRQHandler
                0x08007e28       0x14 Src/stm32f1xx_it.o
                0x08007e28                DMA1_Channel5_IRQHandler
 .text.TIM1_UP_IRQHandler
                0x08007e3c       0x14 Src/stm32f1xx_it.o
                0x08007e3c                TIM1_UP_IRQHandler
 .text.TIM2_IRQHandler
                0x08007e50       0x14 Src/stm32f1xx_it.o
                0x08007e50                TIM2_IRQHandler
 .text.TIM4_IRQHandler
                0x08007e64       0x14 Src/stm32f1xx_it.o
                0x08007e64                TIM4_IRQHandler
 .text.I2C1_EV_IRQHandler
                0x08007e78       0x14 Src/stm32f1xx_it.o
                0x08007e78                I2C1_EV_IRQHandler
 .text.USART1_IRQHandler
                0x08007e8c       0x14 Src/stm32f1xx_it.o
                0x08007e8c                USART1_IRQHandler
 .text._sbrk    0x08007ea0       0x58 Src/syscalls.o
                0x08007ea0                _sbrk
 .text.SystemInit
                0x08007ef8       0x68 Src/system_stm32f1xx.o
                0x08007ef8                SystemInit
 .text.ds1302_Read1Byte
                0x08007f60       0xd0 ds1302/ds1302.o
 .text.ds1302_ReadNBytes
                0x08008030      0x136 ds1302/ds1302.o
 *fill*         0x08008166        0x2 
 .text.ds1302_getDelay
                0x08008168      0x1b8 ds1302/ds1302.o
 .text.DS1302_Init
                0x08008320       0x9e ds1302/ds1302.o
                0x08008320                DS1302_Init
 .text.DS1302_Write
                0x080083be       0x4c ds1302/ds1302.o
                0x080083be                DS1302_Write
 .text.DS1302_Read
                0x0800840a       0xa6 ds1302/ds1302.o
                0x0800840a                DS1302_Read
 .text.DS1302_setTime
                0x080084b0      0x2e4 ds1302/ds1302.o
                0x080084b0                DS1302_setTime
 .text.DS1302_updateDateTime
                0x08008794      0x1b0 ds1302/ds1302.o
                0x08008794                DS1302_updateDateTime
 .text.DS1302_getSecondsUnits
                0x08008944       0x1c ds1302/ds1302.o
                0x08008944                DS1302_getSecondsUnits
 .text.DS1302_getSecondsDec
                0x08008960       0x1c ds1302/ds1302.o
                0x08008960                DS1302_getSecondsDec
 .text.DS1302_getMinutesUnits
                0x0800897c       0x1c ds1302/ds1302.o
                0x0800897c                DS1302_getMinutesUnits
 .text.DS1302_getMinutesDec
                0x08008998       0x1c ds1302/ds1302.o
                0x08008998                DS1302_getMinutesDec
 .text.DS1302_getHourUnits
                0x080089b4       0x3c ds1302/ds1302.o
                0x080089b4                DS1302_getHourUnits
 .text.DS1302_getHourDec
                0x080089f0       0x3c ds1302/ds1302.o
                0x080089f0                DS1302_getHourDec
 .text.DS1302_getAmPmStatus
                0x08008a2c       0x16 ds1302/ds1302.o
                0x08008a2c                DS1302_getAmPmStatus
 .text.DS1302_getMonthDay
                0x08008a42       0x18 ds1302/ds1302.o
                0x08008a42                DS1302_getMonthDay
 .text.DS1302_getMonth
                0x08008a5a       0x16 ds1302/ds1302.o
                0x08008a5a                DS1302_getMonth
 .text.DS1302_getYear
                0x08008a70       0x16 ds1302/ds1302.o
                0x08008a70                DS1302_getYear
 .text.DS1302_geWeekDay
                0x08008a86       0x16 ds1302/ds1302.o
                0x08008a86                DS1302_geWeekDay
 .text.bigfont_printTopChar
                0x08008a9c      0x270 lcd/bigFont_lcdI2c.o
 .text.bigfont_printBotChar
                0x08008d0c      0x284 lcd/bigFont_lcdI2c.o
 .text.BIGFONT_printChar
                0x08008f90       0x52 lcd/bigFont_lcdI2c.o
                0x08008f90                BIGFONT_printChar
 .text.BIGFONT_printMsg
                0x08008fe2       0x52 lcd/bigFont_lcdI2c.o
                0x08008fe2                BIGFONT_printMsg
 .text.BIGFONT_printNumber
                0x08009034       0x40 lcd/bigFont_lcdI2c.o
                0x08009034                BIGFONT_printNumber
 .text.BIGFONT_init
                0x08009074       0x38 lcd/bigFont_lcdI2c.o
                0x08009074                BIGFONT_init
 .text.lcd_delay_ms
                0x080090ac       0x3c lcd/lcd_Hd44780I2C.o
 .text.lcd_delay_Mc
                0x080090e8       0x3c lcd/lcd_Hd44780I2C.o
 .text.lcd_expanderWrite
                0x08009124       0x4a lcd/lcd_Hd44780I2C.o
 .text.lcd_expanderWriteN
                0x0800916e       0x4c lcd/lcd_Hd44780I2C.o
 .text.lcd_send
                0x080091ba      0x12c lcd/lcd_Hd44780I2C.o
 *fill*         0x080092e6        0x2 
 .text.lcd_convert
                0x080092e8       0x54 lcd/lcd_Hd44780I2C.o
 .text.LCD_init
                0x0800933c      0x136 lcd/lcd_Hd44780I2C.o
                0x0800933c                LCD_init
 .text.LCD_printStr
                0x08009472       0x2e lcd/lcd_Hd44780I2C.o
                0x08009472                LCD_printStr
 .text.LCD_write
                0x080094a0       0x20 lcd/lcd_Hd44780I2C.o
                0x080094a0                LCD_write
 .text.LCD_print
                0x080094c0      0x168 lcd/lcd_Hd44780I2C.o
                0x080094c0                LCD_print
 .text.LCD_clear
                0x08009628       0x22 lcd/lcd_Hd44780I2C.o
                0x08009628                LCD_clear
 .text.LCD_home
                0x0800964a       0x22 lcd/lcd_Hd44780I2C.o
                0x0800964a                LCD_home
 .text.LCD_setCursor
                0x0800966c       0x64 lcd/lcd_Hd44780I2C.o
                0x0800966c                LCD_setCursor
 .text.LCD_display
                0x080096d0       0x32 lcd/lcd_Hd44780I2C.o
                0x080096d0                LCD_display
 .text.LCD_createChar
                0x08009702       0x5a lcd/lcd_Hd44780I2C.o
                0x08009702                LCD_createChar
 .text.LCD_setBacklight
                0x0800975c       0x6c lcd/lcd_Hd44780I2C.o
                0x0800975c                LCD_setBacklight
 .text.menu_checkConstraints
                0x080097c8      0x146 menu/menu.o
 *fill*         0x0800990e        0x2 
 .text.menu_decimalPartAdapter
                0x08009910       0xc0 menu/menu.o
 .text.menu_searchNum
                0x080099d0       0x46 menu/menu.o
 .text.menu_cleanLcd
                0x08009a16       0x1c menu/menu.o
 *fill*         0x08009a32        0x2 
 .text.menu_PrintDefaultPid
                0x08009a34       0xc0 menu/menu.o
 .text.menu_PrintChangePid
                0x08009af4      0x1ac menu/menu.o
 .text.menu_PrintPidOptions
                0x08009ca0       0x9c menu/menu.o
 .text.menu_PrintClockOptions
                0x08009d3c       0x9c menu/menu.o
 .text.menu_PrintPidValues
                0x08009dd8      0x134 menu/menu.o
 .text.menu_PrintMainMenu
                0x08009f0c       0x9c menu/menu.o
 .text.menu_printDateTime
                0x08009fa8      0x108 menu/menu.o
 .text.menu_PrintChangeAlarmSettings
                0x0800a0b0      0x120 menu/menu.o
 .text.menu_PrintChangeDateTime
                0x0800a1d0      0x140 menu/menu.o
 .text.menu_PrintChangeAlarmFormat
                0x0800a310       0xe4 menu/menu.o
 .text.menu_PrintChangeHourFormat
                0x0800a3f4       0xe4 menu/menu.o
 .text.menu_PrintChangeAlarmHourAmPm
                0x0800a4d8       0xa8 menu/menu.o
 .text.menu_PrintChangeHourAmPm
                0x0800a580       0xa8 menu/menu.o
 .text.menu_PrintChangeHour
                0x0800a628       0xb8 menu/menu.o
 .text.menu_PrintChangeAlarmHour
                0x0800a6e0       0xb8 menu/menu.o
 .text.menu_PrintChangeMinutes
                0x0800a798       0x98 menu/menu.o
 .text.menu_PrintChangeAlarmMinutes
                0x0800a830       0x98 menu/menu.o
 .text.menu_PrintChangeSeconds
                0x0800a8c8       0x98 menu/menu.o
 .text.menu_PrintChangeAlarmSeconds
                0x0800a960       0x98 menu/menu.o
 .text.menu_PrintChangeAlarmStatus
                0x0800a9f8       0x70 menu/menu.o
 .text.menu_PrintChangeWeekday
                0x0800aa68       0x9c menu/menu.o
 .text.menu_PrintChangeMonthDay
                0x0800ab04       0x90 menu/menu.o
 .text.menu_PrintChangeMonth
                0x0800ab94       0x9c menu/menu.o
 .text.menu_PrintChangeYear
                0x0800ac30       0x98 menu/menu.o
 .text.menu_PrintChangeKpEntire
                0x0800acc8       0x6c menu/menu.o
 .text.menu_PrintChangeKpDecimal
                0x0800ad34       0x6c menu/menu.o
 .text.menu_PrintChangeKiEntire
                0x0800ada0       0x6c menu/menu.o
 .text.menu_PrintChangeKiDecimal
                0x0800ae0c       0x6c menu/menu.o
 .text.menu_PrintChangeKdEntire
                0x0800ae78       0x6c menu/menu.o
 .text.menu_PrintChangeKdDecimal
                0x0800aee4       0x6c menu/menu.o
 .text.menu_PrintChangeSetPointEntire
                0x0800af50       0x6c menu/menu.o
 .text.menu_PrintChangeSetPointDecimal
                0x0800afbc       0x6c menu/menu.o
 .text.menu_SetChangeDateTimeFlag
                0x0800b028       0x1e menu/menu.o
 .text.menu_SetChangePidFlag
                0x0800b046       0x1e menu/menu.o
 .text.menu_applyCfg
                0x0800b064      0x24c menu/menu.o
 .text.MENU_Init
                0x0800b2b0      0x250 menu/menu.o
                0x0800b2b0                MENU_Init
 .text.MENU_encoderOption
                0x0800b500      0x190 menu/menu.o
                0x0800b500                MENU_encoderOption
 .text.MENU_keyPressed
                0x0800b690       0x88 menu/menu.o
                0x0800b690                MENU_keyPressed
 .text.MENU_Task
                0x0800b718      0x410 menu/menu.o
                0x0800b718                MENU_Task
 .text.MENU_PidSelected
                0x0800bb28       0x54 menu/menu.o
                0x0800bb28                MENU_PidSelected
 .text.MENU_HourSelected
                0x0800bb7c       0x54 menu/menu.o
                0x0800bb7c                MENU_HourSelected
 .text.MENU_enterPidOptions
                0x0800bbd0       0x52 menu/menu.o
                0x0800bbd0                MENU_enterPidOptions
 .text.MENU_enterClockOptions
                0x0800bc22       0x52 menu/menu.o
                0x0800bc22                MENU_enterClockOptions
 .text.MENU_exitAndNoSaveAlarm
                0x0800bc74       0x46 menu/menu.o
                0x0800bc74                MENU_exitAndNoSaveAlarm
 .text.MENU_defaultPidToMainSel
                0x0800bcba       0x46 menu/menu.o
                0x0800bcba                MENU_defaultPidToMainSel
 .text.MENU_defaultHourToMainSel
                0x0800bd00       0x46 menu/menu.o
                0x0800bd00                MENU_defaultHourToMainSel
 .text.MENU_pidOptionsExitToMain
                0x0800bd46       0x46 menu/menu.o
                0x0800bd46                MENU_pidOptionsExitToMain
 .text.MENU_ChangeKpEntireSel
                0x0800bd8c       0x4e menu/menu.o
                0x0800bd8c                MENU_ChangeKpEntireSel
 .text.MENU_ChangeKpDecimalSel
                0x0800bdda       0x4e menu/menu.o
                0x0800bdda                MENU_ChangeKpDecimalSel
 .text.MENU_ChangeKiEntireSel
                0x0800be28       0x4e menu/menu.o
                0x0800be28                MENU_ChangeKiEntireSel
 .text.MENU_ChangeKiDecimalSel
                0x0800be76       0x4e menu/menu.o
                0x0800be76                MENU_ChangeKiDecimalSel
 .text.MENU_ChangeKdEntireSel
                0x0800bec4       0x4e menu/menu.o
                0x0800bec4                MENU_ChangeKdEntireSel
 .text.MENU_ChangeKdDecimalSel
                0x0800bf12       0x4e menu/menu.o
                0x0800bf12                MENU_ChangeKdDecimalSel
 .text.MENU_ChangeSetPointEntireSel
                0x0800bf60       0x4e menu/menu.o
                0x0800bf60                MENU_ChangeSetPointEntireSel
 .text.MENU_ChangeSetPointDecimalSel
                0x0800bfae       0x4e menu/menu.o
                0x0800bfae                MENU_ChangeSetPointDecimalSel
 .text.MENU_enterChangeClockSelected
                0x0800bffc       0x54 menu/menu.o
                0x0800bffc                MENU_enterChangeClockSelected
 .text.MENU_exitChangeClockSelected
                0x0800c050       0x46 menu/menu.o
                0x0800c050                MENU_exitChangeClockSelected
 .text.MENU_enterChangeAlarmSelected
                0x0800c096       0x54 menu/menu.o
                0x0800c096                MENU_enterChangeAlarmSelected
 .text.MENU_exitChangeAlarmSelected
                0x0800c0ea       0x46 menu/menu.o
                0x0800c0ea                MENU_exitChangeAlarmSelected
 .text.MENU_enterChangePidSelected
                0x0800c130       0x54 menu/menu.o
                0x0800c130                MENU_enterChangePidSelected
 .text.MENU_exitChangePidSelected
                0x0800c184       0x46 menu/menu.o
                0x0800c184                MENU_exitChangePidSelected
 .text.MENU_ChangePwmSelected
                0x0800c1ca       0x16 menu/menu.o
                0x0800c1ca                MENU_ChangePwmSelected
 .text.MENU_ChangeHourFormatSel
                0x0800c1e0       0x4c menu/menu.o
                0x0800c1e0                MENU_ChangeHourFormatSel
 .text.MENU_ChangeAmPmSel
                0x0800c22c       0x4c menu/menu.o
                0x0800c22c                MENU_ChangeAmPmSel
 .text.MENU_ChangeHourSel
                0x0800c278       0x4c menu/menu.o
                0x0800c278                MENU_ChangeHourSel
 .text.MENU_ChangeMinSel
                0x0800c2c4       0x4c menu/menu.o
                0x0800c2c4                MENU_ChangeMinSel
 .text.MENU_ChangeSecSel
                0x0800c310       0x4c menu/menu.o
                0x0800c310                MENU_ChangeSecSel
 .text.MENU_ChangeWeekDaySel
                0x0800c35c       0x4c menu/menu.o
                0x0800c35c                MENU_ChangeWeekDaySel
 .text.MENU_ChangeMonthDaySel
                0x0800c3a8       0x4c menu/menu.o
                0x0800c3a8                MENU_ChangeMonthDaySel
 .text.MENU_ChangeMonthSel
                0x0800c3f4       0x4c menu/menu.o
                0x0800c3f4                MENU_ChangeMonthSel
 .text.MENU_ChangeYearSel
                0x0800c440       0x4c menu/menu.o
                0x0800c440                MENU_ChangeYearSel
 .text.MENU_ChangeAlarmHourFormatSel
                0x0800c48c       0x4c menu/menu.o
                0x0800c48c                MENU_ChangeAlarmHourFormatSel
 .text.MENU_ChangeAlarmAmPmSel
                0x0800c4d8       0x4c menu/menu.o
                0x0800c4d8                MENU_ChangeAlarmAmPmSel
 .text.MENU_ChangeAlarmHourSel
                0x0800c524       0x4c menu/menu.o
                0x0800c524                MENU_ChangeAlarmHourSel
 .text.MENU_ChangeAlarmMinSel
                0x0800c570       0x4c menu/menu.o
                0x0800c570                MENU_ChangeAlarmMinSel
 .text.MENU_ChangeAlarmSecSel
                0x0800c5bc       0x4c menu/menu.o
                0x0800c5bc                MENU_ChangeAlarmSecSel
 .text.MENU_ChangeAlarmStatusSel
                0x0800c608       0x4c menu/menu.o
                0x0800c608                MENU_ChangeAlarmStatusSel
 .text.MENU_exitAndSaveAlarm
                0x0800c654       0x46 menu/menu.o
                0x0800c654                MENU_exitAndSaveAlarm
 .text.MENU_ExitSelected
                0x0800c69a       0x54 menu/menu.o
                0x0800c69a                MENU_ExitSelected
 .text.MENU_exitAndSaveDateTime
                0x0800c6ee       0x48 menu/menu.o
                0x0800c6ee                MENU_exitAndSaveDateTime
 .text.MENU_ExitAndSavePid
                0x0800c736       0x48 menu/menu.o
                0x0800c736                MENU_ExitAndSavePid
 .text.MENU_exitAndNoSavePid
                0x0800c77e       0x40 menu/menu.o
                0x0800c77e                MENU_exitAndNoSavePid
 .text.MENU_exitAndNoSaveDateTime
                0x0800c7be       0x40 menu/menu.o
                0x0800c7be                MENU_exitAndNoSaveDateTime
 .text.MENU_showPidValues
                0x0800c7fe       0x54 menu/menu.o
                0x0800c7fe                MENU_showPidValues
 .text.MENU_checkAlarm
                0x0800c852       0x92 menu/menu.o
                0x0800c852                MENU_checkAlarm
 .text.MENU_GetChangesDataTime
                0x0800c8e4       0x24 menu/menu.o
                0x0800c8e4                MENU_GetChangesDataTime
 .text.MENU_GetChangesPid
                0x0800c908       0x24 menu/menu.o
                0x0800c908                MENU_GetChangesPid
 .text.MENU_GetStatus
                0x0800c92c       0x18 menu/menu.o
                0x0800c92c                MENU_GetStatus
 .text.MENU_SetSecondUnits
                0x0800c944       0x24 menu/menu.o
                0x0800c944                MENU_SetSecondUnits
 .text.MENU_SetSecondDec
                0x0800c968       0x24 menu/menu.o
                0x0800c968                MENU_SetSecondDec
 .text.MENU_SetMinutesUnits
                0x0800c98c       0x24 menu/menu.o
                0x0800c98c                MENU_SetMinutesUnits
 .text.MENU_SetMinutesDec
                0x0800c9b0       0x24 menu/menu.o
                0x0800c9b0                MENU_SetMinutesDec
 .text.MENU_SetHourUnits
                0x0800c9d4       0x24 menu/menu.o
                0x0800c9d4                MENU_SetHourUnits
 .text.MENU_SetHourDec
                0x0800c9f8       0x24 menu/menu.o
                0x0800c9f8                MENU_SetHourDec
 .text.MENU_SetYear
                0x0800ca1c       0x24 menu/menu.o
                0x0800ca1c                MENU_SetYear
 .text.MENU_SetMonthDay
                0x0800ca40       0x24 menu/menu.o
                0x0800ca40                MENU_SetMonthDay
 .text.MENU_SetAmPm
                0x0800ca64       0x28 menu/menu.o
                0x0800ca64                MENU_SetAmPm
 .text.MENU_SetWeekday
                0x0800ca8c       0x28 menu/menu.o
                0x0800ca8c                MENU_SetWeekday
 .text.MENU_SetMonth
                0x0800cab4       0x28 menu/menu.o
                0x0800cab4                MENU_SetMonth
 .text.MENU_SetDutyCycle
                0x0800cadc       0x24 menu/menu.o
                0x0800cadc                MENU_SetDutyCycle
 .text.MENU_SetAdcValue
                0x0800cb00       0x24 menu/menu.o
                0x0800cb00                MENU_SetAdcValue
 .text.PID_init
                0x0800cb24       0xb0 pid/pid.o
                0x0800cb24                PID_init
 .text.PID_SetParameters
                0x0800cbd4       0xc4 pid/pid.o
                0x0800cbd4                PID_SetParameters
 .text.PID_SetSetPointVal
                0x0800cc98       0x50 pid/pid.o
                0x0800cc98                PID_SetSetPointVal
 .text.PID_control
                0x0800cce8      0x260 pid/pid.o
                0x0800cce8                PID_control
 .text.PID_GetDutyValule
                0x0800cf48       0x18 pid/pid.o
                0x0800cf48                PID_GetDutyValule
 .text.PID_GetAdcValule
                0x0800cf60       0x18 pid/pid.o
                0x0800cf60                PID_GetAdcValule
 .text.sdbg_convert
                0x0800cf78       0x54 sdbg/sdbg.o
 .text.sdbg_transmit
                0x0800cfcc       0x34 sdbg/sdbg.o
 .text.SDBG_print
                0x0800d000      0x400 sdbg/sdbg.o
                0x0800d000                SDBG_print
 .text.Reset_Handler
                0x0800d400       0x48 startup/startup_stm32f103xb.o
                0x0800d400                Reset_Handler
 .text.Default_Handler
                0x0800d448        0x2 startup/startup_stm32f103xb.o
                0x0800d448                RTC_Alarm_IRQHandler
                0x0800d448                EXTI2_IRQHandler
                0x0800d448                TIM1_CC_IRQHandler
                0x0800d448                PVD_IRQHandler
                0x0800d448                EXTI3_IRQHandler
                0x0800d448                EXTI0_IRQHandler
                0x0800d448                I2C2_EV_IRQHandler
                0x0800d448                ADC1_2_IRQHandler
                0x0800d448                SPI1_IRQHandler
                0x0800d448                TAMPER_IRQHandler
                0x0800d448                USART3_IRQHandler
                0x0800d448                RTC_IRQHandler
                0x0800d448                DMA1_Channel7_IRQHandler
                0x0800d448                CAN1_RX1_IRQHandler
                0x0800d448                DMA1_Channel6_IRQHandler
                0x0800d448                TIM3_IRQHandler
                0x0800d448                RCC_IRQHandler
                0x0800d448                TIM1_TRG_COM_IRQHandler
                0x0800d448                Default_Handler
                0x0800d448                EXTI15_10_IRQHandler
                0x0800d448                EXTI9_5_IRQHandler
                0x0800d448                SPI2_IRQHandler
                0x0800d448                USB_LP_CAN1_RX0_IRQHandler
                0x0800d448                USB_HP_CAN1_TX_IRQHandler
                0x0800d448                DMA1_Channel3_IRQHandler
                0x0800d448                WWDG_IRQHandler
                0x0800d448                TIM1_BRK_IRQHandler
                0x0800d448                EXTI1_IRQHandler
                0x0800d448                USART2_IRQHandler
                0x0800d448                I2C2_ER_IRQHandler
                0x0800d448                DMA1_Channel2_IRQHandler
                0x0800d448                CAN1_SCE_IRQHandler
                0x0800d448                FLASH_IRQHandler
                0x0800d448                I2C1_ER_IRQHandler
                0x0800d448                USBWakeUp_IRQHandler
 *fill*         0x0800d44a        0x2 
 .text.__errno  0x0800d44c        0xc c:/ac6/systemworkbench/plugins/fr.ac6.mcu.externaltools.arm-none.win32_1.17.0.201812190825/tools/compiler/bin/../lib/gcc/arm-none-eabi/7.3.1/../../../../arm-none-eabi/lib/thumb/v7-m\libc_nano.a(lib_a-errno.o)
                0x0800d44c                __errno
 .text.__libc_init_array
                0x0800d458       0x48 c:/ac6/systemworkbench/plugins/fr.ac6.mcu.externaltools.arm-none.win32_1.17.0.201812190825/tools/compiler/bin/../lib/gcc/arm-none-eabi/7.3.1/../../../../arm-none-eabi/lib/thumb/v7-m\libc_nano.a(lib_a-init.o)
                0x0800d458                __libc_init_array
 .text.memcpy   0x0800d4a0       0x16 c:/ac6/systemworkbench/plugins/fr.ac6.mcu.externaltools.arm-none.win32_1.17.0.201812190825/tools/compiler/bin/../lib/gcc/arm-none-eabi/7.3.1/../../../../arm-none-eabi/lib/thumb/v7-m\libc_nano.a(lib_a-memcpy-stub.o)
                0x0800d4a0                memcpy
 .text.memset   0x0800d4b6       0x10 c:/ac6/systemworkbench/plugins/fr.ac6.mcu.externaltools.arm-none.win32_1.17.0.201812190825/tools/compiler/bin/../lib/gcc/arm-none-eabi/7.3.1/../../../../arm-none-eabi/lib/thumb/v7-m\libc_nano.a(lib_a-memset.o)
                0x0800d4b6                memset
 *fill*         0x0800d4c6        0x2 
 .text.snprintf
                0x0800d4c8       0x68 c:/ac6/systemworkbench/plugins/fr.ac6.mcu.externaltools.arm-none.win32_1.17.0.201812190825/tools/compiler/bin/../lib/gcc/arm-none-eabi/7.3.1/../../../../arm-none-eabi/lib/thumb/v7-m\libc_nano.a(lib_a-snprintf.o)
                0x0800d4c8                sniprintf
                0x0800d4c8                snprintf
 .text.sprintf  0x0800d530       0x40 c:/ac6/systemworkbench/plugins/fr.ac6.mcu.externaltools.arm-none.win32_1.17.0.201812190825/tools/compiler/bin/../lib/gcc/arm-none-eabi/7.3.1/../../../../arm-none-eabi/lib/thumb/v7-m\libc_nano.a(lib_a-sprintf.o)
                0x0800d530                siprintf
                0x0800d530                sprintf
 .text.strncat  0x0800d570       0x28 c:/ac6/systemworkbench/plugins/fr.ac6.mcu.externaltools.arm-none.win32_1.17.0.201812190825/tools/compiler/bin/../lib/gcc/arm-none-eabi/7.3.1/../../../../arm-none-eabi/lib/thumb/v7-m\libc_nano.a(lib_a-strncat.o)
                0x0800d570                strncat
 .text.__ssputs_r
                0x0800d598       0xb4 c:/ac6/systemworkbench/plugins/fr.ac6.mcu.externaltools.arm-none.win32_1.17.0.201812190825/tools/compiler/bin/../lib/gcc/arm-none-eabi/7.3.1/../../../../arm-none-eabi/lib/thumb/v7-m\libc_nano.a(lib_a-nano-svfprintf.o)
                0x0800d598                __ssputs_r
 .text._svfprintf_r
                0x0800d64c      0x1f0 c:/ac6/systemworkbench/plugins/fr.ac6.mcu.externaltools.arm-none.win32_1.17.0.201812190825/tools/compiler/bin/../lib/gcc/arm-none-eabi/7.3.1/../../../../arm-none-eabi/lib/thumb/v7-m\libc_nano.a(lib_a-nano-svfprintf.o)
                0x0800d64c                _svfiprintf_r
                0x0800d64c                _svfprintf_r
 .text._printf_common
                0x0800d83c       0xec c:/ac6/systemworkbench/plugins/fr.ac6.mcu.externaltools.arm-none.win32_1.17.0.201812190825/tools/compiler/bin/../lib/gcc/arm-none-eabi/7.3.1/../../../../arm-none-eabi/lib/thumb/v7-m\libc_nano.a(lib_a-nano-vfprintf_i.o)
                0x0800d83c                _printf_common
 .text._printf_i
                0x0800d928      0x224 c:/ac6/systemworkbench/plugins/fr.ac6.mcu.externaltools.arm-none.win32_1.17.0.201812190825/tools/compiler/bin/../lib/gcc/arm-none-eabi/7.3.1/../../../../arm-none-eabi/lib/thumb/v7-m\libc_nano.a(lib_a-nano-vfprintf_i.o)
                0x0800d928                _printf_i
 .text.memchr   0x0800db4c       0x1c c:/ac6/systemworkbench/plugins/fr.ac6.mcu.externaltools.arm-none.win32_1.17.0.201812190825/tools/compiler/bin/../lib/gcc/arm-none-eabi/7.3.1/../../../../arm-none-eabi/lib/thumb/v7-m\libc_nano.a(lib_a-memchr-stub.o)
                0x0800db4c                memchr
 .text.memmove  0x0800db68       0x32 c:/ac6/systemworkbench/plugins/fr.ac6.mcu.externaltools.arm-none.win32_1.17.0.201812190825/tools/compiler/bin/../lib/gcc/arm-none-eabi/7.3.1/../../../../arm-none-eabi/lib/thumb/v7-m\libc_nano.a(lib_a-memmove.o)
                0x0800db68                memmove
 *fill*         0x0800db9a        0x2 
 .text._free_r  0x0800db9c       0x98 c:/ac6/systemworkbench/plugins/fr.ac6.mcu.externaltools.arm-none.win32_1.17.0.201812190825/tools/compiler/bin/../lib/gcc/arm-none-eabi/7.3.1/../../../../arm-none-eabi/lib/thumb/v7-m\libc_nano.a(lib_a-nano-freer.o)
                0x0800db9c                _free_r
 .text._malloc_r
                0x0800dc34       0xb4 c:/ac6/systemworkbench/plugins/fr.ac6.mcu.externaltools.arm-none.win32_1.17.0.201812190825/tools/compiler/bin/../lib/gcc/arm-none-eabi/7.3.1/../../../../arm-none-eabi/lib/thumb/v7-m\libc_nano.a(lib_a-nano-mallocr.o)
                0x0800dc34                _malloc_r
 .text._realloc_r
                0x0800dce8       0x4c c:/ac6/systemworkbench/plugins/fr.ac6.mcu.externaltools.arm-none.win32_1.17.0.201812190825/tools/compiler/bin/../lib/gcc/arm-none-eabi/7.3.1/../../../../arm-none-eabi/lib/thumb/v7-m\libc_nano.a(lib_a-nano-reallocr.o)
                0x0800dce8                _realloc_r
 .text._sbrk_r  0x0800dd34       0x20 c:/ac6/systemworkbench/plugins/fr.ac6.mcu.externaltools.arm-none.win32_1.17.0.201812190825/tools/compiler/bin/../lib/gcc/arm-none-eabi/7.3.1/../../../../arm-none-eabi/lib/thumb/v7-m\libc_nano.a(lib_a-sbrkr.o)
                0x0800dd34                _sbrk_r
 .text.__malloc_lock
                0x0800dd54        0x2 c:/ac6/systemworkbench/plugins/fr.ac6.mcu.externaltools.arm-none.win32_1.17.0.201812190825/tools/compiler/bin/../lib/gcc/arm-none-eabi/7.3.1/../../../../arm-none-eabi/lib/thumb/v7-m\libc_nano.a(lib_a-mlock.o)
                0x0800dd54                __malloc_lock
 .text.__malloc_unlock
                0x0800dd56        0x2 c:/ac6/systemworkbench/plugins/fr.ac6.mcu.externaltools.arm-none.win32_1.17.0.201812190825/tools/compiler/bin/../lib/gcc/arm-none-eabi/7.3.1/../../../../arm-none-eabi/lib/thumb/v7-m\libc_nano.a(lib_a-mlock.o)
                0x0800dd56                __malloc_unlock
 .text._malloc_usable_size_r
                0x0800dd58       0x10 c:/ac6/systemworkbench/plugins/fr.ac6.mcu.externaltools.arm-none.win32_1.17.0.201812190825/tools/compiler/bin/../lib/gcc/arm-none-eabi/7.3.1/../../../../arm-none-eabi/lib/thumb/v7-m\libc_nano.a(lib_a-nano-msizer.o)
                0x0800dd58                _malloc_usable_size_r
 *(.glue_7)
 .glue_7        0x0800dd68        0x0 linker stubs
 *(.glue_7t)
 .glue_7t       0x0800dd68        0x0 linker stubs
 *(.eh_frame)
 .eh_frame      0x0800dd68        0x0 c:/ac6/systemworkbench/plugins/fr.ac6.mcu.externaltools.arm-none.win32_1.17.0.201812190825/tools/compiler/bin/../lib/gcc/arm-none-eabi/7.3.1/thumb/v7-m/crtbegin.o
 *(.init)
 .init          0x0800dd68        0x4 c:/ac6/systemworkbench/plugins/fr.ac6.mcu.externaltools.arm-none.win32_1.17.0.201812190825/tools/compiler/bin/../lib/gcc/arm-none-eabi/7.3.1/thumb/v7-m/crti.o
                0x0800dd68                _init
 .init          0x0800dd6c        0x8 c:/ac6/systemworkbench/plugins/fr.ac6.mcu.externaltools.arm-none.win32_1.17.0.201812190825/tools/compiler/bin/../lib/gcc/arm-none-eabi/7.3.1/thumb/v7-m/crtn.o
 *(.fini)
 .fini          0x0800dd74        0x4 c:/ac6/systemworkbench/plugins/fr.ac6.mcu.externaltools.arm-none.win32_1.17.0.201812190825/tools/compiler/bin/../lib/gcc/arm-none-eabi/7.3.1/thumb/v7-m/crti.o
                0x0800dd74                _fini
 .fini          0x0800dd78        0x8 c:/ac6/systemworkbench/plugins/fr.ac6.mcu.externaltools.arm-none.win32_1.17.0.201812190825/tools/compiler/bin/../lib/gcc/arm-none-eabi/7.3.1/thumb/v7-m/crtn.o
                0x0800dd80                . = ALIGN (0x4)
                0x0800dd80                _etext = .

.vfp11_veneer   0x0800dd80        0x0
 .vfp11_veneer  0x0800dd80        0x0 linker stubs

.v4_bx          0x0800dd80        0x0
 .v4_bx         0x0800dd80        0x0 linker stubs

.iplt           0x0800dd80        0x0
 .iplt          0x0800dd80        0x0 c:/ac6/systemworkbench/plugins/fr.ac6.mcu.externaltools.arm-none.win32_1.17.0.201812190825/tools/compiler/bin/../lib/gcc/arm-none-eabi/7.3.1/thumb/v7-m/crtbegin.o

.rodata         0x0800dd80     0x1680
                0x0800dd80                . = ALIGN (0x4)
 *(.rodata)
 .rodata        0x0800dd80       0x12 Drivers/STM32F1xx_HAL_Driver/Src/stm32f1xx_hal_rcc.o
 *fill*         0x0800dd92        0x2 
 .rodata        0x0800dd94       0x12 Drivers/STM32F1xx_HAL_Driver/Src/stm32f1xx_hal_rcc_ex.o
 *fill*         0x0800dda6        0x2 
 .rodata        0x0800dda8     0x11fb Src/main.o
 *fill*         0x0800efa3        0x1 
 .rodata        0x0800efa4       0x18 Src/system_stm32f1xx.o
                0x0800efa4                AHBPrescTable
                0x0800efb4                APBPrescTable
 .rodata        0x0800efbc       0x5b ds1302/ds1302.o
 *fill*         0x0800f017        0x1 
 .rodata        0x0800f018      0x253 lcd/bigFont_lcdI2c.o
 *fill*         0x0800f26b        0x1 
 .rodata        0x0800f26c       0x10 lcd/lcd_Hd44780I2C.o
 .rodata        0x0800f27c      0x14c menu/menu.o
 .rodata        0x0800f3c8        0x2 sdbg/sdbg.o
 *(.rodata*)
 .rodata._svfprintf_r.str1.1
                0x0800f3ca       0x11 c:/ac6/systemworkbench/plugins/fr.ac6.mcu.externaltools.arm-none.win32_1.17.0.201812190825/tools/compiler/bin/../lib/gcc/arm-none-eabi/7.3.1/../../../../arm-none-eabi/lib/thumb/v7-m\libc_nano.a(lib_a-nano-svfprintf.o)
 .rodata._printf_i.str1.1
                0x0800f3db       0x22 c:/ac6/systemworkbench/plugins/fr.ac6.mcu.externaltools.arm-none.win32_1.17.0.201812190825/tools/compiler/bin/../lib/gcc/arm-none-eabi/7.3.1/../../../../arm-none-eabi/lib/thumb/v7-m\libc_nano.a(lib_a-nano-vfprintf_i.o)
                0x0800f400                . = ALIGN (0x4)
 *fill*         0x0800f3fd        0x3 

.ARM.extab
 *(.ARM.extab* .gnu.linkonce.armextab.*)

.ARM            0x0800f400        0x8
                0x0800f400                __exidx_start = .
 *(.ARM.exidx*)
 .ARM.exidx     0x0800f400        0x8 c:/ac6/systemworkbench/plugins/fr.ac6.mcu.externaltools.arm-none.win32_1.17.0.201812190825/tools/compiler/bin/../lib/gcc/arm-none-eabi/7.3.1/thumb/v7-m\libgcc.a(_udivmoddi4.o)
                0x0800f408                __exidx_end = .

.rel.dyn        0x0800f408        0x0
 .rel.iplt      0x0800f408        0x0 c:/ac6/systemworkbench/plugins/fr.ac6.mcu.externaltools.arm-none.win32_1.17.0.201812190825/tools/compiler/bin/../lib/gcc/arm-none-eabi/7.3.1/thumb/v7-m/crtbegin.o

.preinit_array  0x0800f408        0x0
                0x0800f408                PROVIDE (__preinit_array_start = .)
 *(.preinit_array*)
                0x0800f408                PROVIDE (__preinit_array_end = .)

.init_array     0x0800f408        0x4
                0x0800f408                PROVIDE (__init_array_start = .)
 *(SORT_BY_NAME(.init_array.*))
 *(.init_array*)
 .init_array    0x0800f408        0x4 c:/ac6/systemworkbench/plugins/fr.ac6.mcu.externaltools.arm-none.win32_1.17.0.201812190825/tools/compiler/bin/../lib/gcc/arm-none-eabi/7.3.1/thumb/v7-m/crtbegin.o
                0x0800f40c                PROVIDE (__init_array_end = .)

.fini_array     0x0800f40c        0x4
                [!provide]                PROVIDE (__fini_array_start = .)
 *(SORT_BY_NAME(.fini_array.*))
 *(.fini_array*)
 .fini_array    0x0800f40c        0x4 c:/ac6/systemworkbench/plugins/fr.ac6.mcu.externaltools.arm-none.win32_1.17.0.201812190825/tools/compiler/bin/../lib/gcc/arm-none-eabi/7.3.1/thumb/v7-m/crtbegin.o
                [!provide]                PROVIDE (__fini_array_end = .)
                0x0800f410                _sidata = LOADADDR (.data)

.data           0x20000000      0x220 load address 0x0800f410
                0x20000000                . = ALIGN (0x4)
                0x20000000                _sdata = .
 *(.data)
 .data          0x20000000        0x5 Drivers/STM32F1xx_HAL_Driver/Src/stm32f1xx_hal.o
                0x20000000                uwTickPrio
                0x20000004                uwTickFreq
 *fill*         0x20000005        0x3 
 .data          0x20000008       0xc0 Src/main.o
 .data          0x200000c8        0x4 Src/system_stm32f1xx.o
                0x200000c8                SystemCoreClock
 .data          0x200000cc       0x5c ds1302/ds1302.o
 .data          0x20000128       0x11 lcd/lcd_Hd44780I2C.o
 *fill*         0x20000139        0x3 
 .data          0x2000013c       0x6c menu/menu.o
 .data          0x200001a8       0x11 sdbg/sdbg.o
 *(.data*)
 *fill*         0x200001b9        0x3 
 .data._impure_ptr
                0x200001bc        0x4 c:/ac6/systemworkbench/plugins/fr.ac6.mcu.externaltools.arm-none.win32_1.17.0.201812190825/tools/compiler/bin/../lib/gcc/arm-none-eabi/7.3.1/../../../../arm-none-eabi/lib/thumb/v7-m\libc_nano.a(lib_a-impure.o)
                0x200001bc                _impure_ptr
 .data.impure_data
                0x200001c0       0x60 c:/ac6/systemworkbench/plugins/fr.ac6.mcu.externaltools.arm-none.win32_1.17.0.201812190825/tools/compiler/bin/../lib/gcc/arm-none-eabi/7.3.1/../../../../arm-none-eabi/lib/thumb/v7-m\libc_nano.a(lib_a-impure.o)
                0x20000220                . = ALIGN (0x4)
                0x20000220                _edata = .

.igot.plt       0x20000220        0x0 load address 0x0800f630
 .igot.plt      0x20000220        0x0 c:/ac6/systemworkbench/plugins/fr.ac6.mcu.externaltools.arm-none.win32_1.17.0.201812190825/tools/compiler/bin/../lib/gcc/arm-none-eabi/7.3.1/thumb/v7-m/crtbegin.o
                0x20000220                . = ALIGN (0x4)

.bss            0x20000220      0x5cc load address 0x0800f630
                0x20000220                _sbss = .
                0x20000220                __bss_start__ = _sbss
 *(.bss)
 .bss           0x20000220       0x1c c:/ac6/systemworkbench/plugins/fr.ac6.mcu.externaltools.arm-none.win32_1.17.0.201812190825/tools/compiler/bin/../lib/gcc/arm-none-eabi/7.3.1/thumb/v7-m/crtbegin.o
 *fill*         0x2000023c        0x4 
 .bss           0x20000240      0x176 Src/main.o
 *fill*         0x200003b6        0x2 
 .bss           0x200003b8        0x8 Src/syscalls.o
                0x200003b8                __env
 .bss           0x200003c0       0x32 lcd/lcd_Hd44780I2C.o
 *fill*         0x200003f2        0x2 
 .bss           0x200003f4        0x6 menu/menu.o
 *fill*         0x200003fa        0x2 
 .bss           0x200003fc       0x66 sdbg/sdbg.o
 *(.bss*)
 *fill*         0x20000462        0x2 
 .bss.__malloc_free_list
                0x20000464        0x4 c:/ac6/systemworkbench/plugins/fr.ac6.mcu.externaltools.arm-none.win32_1.17.0.201812190825/tools/compiler/bin/../lib/gcc/arm-none-eabi/7.3.1/../../../../arm-none-eabi/lib/thumb/v7-m\libc_nano.a(lib_a-nano-mallocr.o)
                0x20000464                __malloc_free_list
 .bss.__malloc_sbrk_start
                0x20000468        0x4 c:/ac6/systemworkbench/plugins/fr.ac6.mcu.externaltools.arm-none.win32_1.17.0.201812190825/tools/compiler/bin/../lib/gcc/arm-none-eabi/7.3.1/../../../../arm-none-eabi/lib/thumb/v7-m\libc_nano.a(lib_a-nano-mallocr.o)
                0x20000468                __malloc_sbrk_start
 *(COMMON)
 COMMON         0x2000046c        0x4 Drivers/STM32F1xx_HAL_Driver/Src/stm32f1xx_hal.o
                0x2000046c                uwTick
 COMMON         0x20000470      0x378 Src/main.o
                0x20000470                Transfer_cplt
                0x20000471                Rx_indx
                0x20000474                htim4
                0x200004bc                hi2c1
                0x20000510                Rx_data
                0x20000514                htim3
                0x2000055c                hdma_usart1_tx
                0x200005a0                hadc1
                0x200005d0                hdma_usart1_rx
                0x20000614                huart1
                0x20000658                hdma_adc1
                0x2000069c                htim1
                0x200006e4                Rx_Buffer
                0x20000748                hspi1
                0x200007a0                htim2
 COMMON         0x200007e8        0x4 c:/ac6/systemworkbench/plugins/fr.ac6.mcu.externaltools.arm-none.win32_1.17.0.201812190825/tools/compiler/bin/../lib/gcc/arm-none-eabi/7.3.1/../../../../arm-none-eabi/lib/thumb/v7-m\libc_nano.a(lib_a-reent.o)
                0x200007e8                errno
                0x200007ec                . = ALIGN (0x4)
                0x200007ec                _ebss = .
                0x200007ec                __bss_end__ = _ebss

._user_heap_stack
                0x200007ec      0x604 load address 0x0800f630
                0x200007f0                . = ALIGN (0x8)
 *fill*         0x200007ec        0x4 
                0x200007f0                PROVIDE (end = .)
                [!provide]                PROVIDE (_end = .)
                0x200009f0                . = (. + _Min_Heap_Size)
 *fill*         0x200007f0      0x200 
                0x20000df0                . = (. + _Min_Stack_Size)
 *fill*         0x200009f0      0x400 
                0x20000df0                . = ALIGN (0x8)

/DISCARD/
 libc.a(*)
 libm.a(*)
 libgcc.a(*)

.ARM.attributes
                0x00000000       0x29
 *(.ARM.attributes)
 .ARM.attributes
                0x00000000       0x1d c:/ac6/systemworkbench/plugins/fr.ac6.mcu.externaltools.arm-none.win32_1.17.0.201812190825/tools/compiler/bin/../lib/gcc/arm-none-eabi/7.3.1/thumb/v7-m/crti.o
 .ARM.attributes
                0x0000001d       0x2d c:/ac6/systemworkbench/plugins/fr.ac6.mcu.externaltools.arm-none.win32_1.17.0.201812190825/tools/compiler/bin/../lib/gcc/arm-none-eabi/7.3.1/thumb/v7-m/crtbegin.o
 .ARM.attributes
                0x0000004a       0x33 Drivers/STM32F1xx_HAL_Driver/Src/stm32f1xx_hal.o
 .ARM.attributes
                0x0000007d       0x33 Drivers/STM32F1xx_HAL_Driver/Src/stm32f1xx_hal_adc.o
 .ARM.attributes
                0x000000b0       0x33 Drivers/STM32F1xx_HAL_Driver/Src/stm32f1xx_hal_adc_ex.o
 .ARM.attributes
                0x000000e3       0x33 Drivers/STM32F1xx_HAL_Driver/Src/stm32f1xx_hal_cortex.o
 .ARM.attributes
                0x00000116       0x33 Drivers/STM32F1xx_HAL_Driver/Src/stm32f1xx_hal_dma.o
 .ARM.attributes
                0x00000149       0x33 Drivers/STM32F1xx_HAL_Driver/Src/stm32f1xx_hal_gpio.o
 .ARM.attributes
                0x0000017c       0x33 Drivers/STM32F1xx_HAL_Driver/Src/stm32f1xx_hal_i2c.o
 .ARM.attributes
                0x000001af       0x33 Drivers/STM32F1xx_HAL_Driver/Src/stm32f1xx_hal_rcc.o
 .ARM.attributes
                0x000001e2       0x33 Drivers/STM32F1xx_HAL_Driver/Src/stm32f1xx_hal_rcc_ex.o
 .ARM.attributes
                0x00000215       0x33 Drivers/STM32F1xx_HAL_Driver/Src/stm32f1xx_hal_spi.o
 .ARM.attributes
                0x00000248       0x33 Drivers/STM32F1xx_HAL_Driver/Src/stm32f1xx_hal_tim.o
 .ARM.attributes
                0x0000027b       0x33 Drivers/STM32F1xx_HAL_Driver/Src/stm32f1xx_hal_tim_ex.o
 .ARM.attributes
                0x000002ae       0x33 Drivers/STM32F1xx_HAL_Driver/Src/stm32f1xx_hal_uart.o
 .ARM.attributes
                0x000002e1       0x33 Src/main.o
 .ARM.attributes
                0x00000314       0x33 Src/stm32f1xx_hal_msp.o
 .ARM.attributes
                0x00000347       0x33 Src/stm32f1xx_it.o
 .ARM.attributes
                0x0000037a       0x33 Src/syscalls.o
 .ARM.attributes
                0x000003ad       0x33 Src/system_stm32f1xx.o
 .ARM.attributes
                0x000003e0       0x33 ds1302/ds1302.o
 .ARM.attributes
                0x00000413       0x33 lcd/bigFont_lcdI2c.o
 .ARM.attributes
                0x00000446       0x33 lcd/lcd_Hd44780I2C.o
 .ARM.attributes
                0x00000479       0x33 menu/menu.o
 .ARM.attributes
                0x000004ac       0x33 pid/pid.o
 .ARM.attributes
                0x000004df       0x33 sdbg/sdbg.o
 .ARM.attributes
                0x00000512       0x21 startup/startup_stm32f103xb.o
 .ARM.attributes
                0x00000533       0x1d c:/ac6/systemworkbench/plugins/fr.ac6.mcu.externaltools.arm-none.win32_1.17.0.201812190825/tools/compiler/bin/../lib/gcc/arm-none-eabi/7.3.1/thumb/v7-m\libgcc.a(_arm_addsubdf3.o)
 .ARM.attributes
                0x00000550       0x1d c:/ac6/systemworkbench/plugins/fr.ac6.mcu.externaltools.arm-none.win32_1.17.0.201812190825/tools/compiler/bin/../lib/gcc/arm-none-eabi/7.3.1/thumb/v7-m\libgcc.a(_arm_muldivdf3.o)
 .ARM.attributes
                0x0000056d       0x1d c:/ac6/systemworkbench/plugins/fr.ac6.mcu.externaltools.arm-none.win32_1.17.0.201812190825/tools/compiler/bin/../lib/gcc/arm-none-eabi/7.3.1/thumb/v7-m\libgcc.a(_arm_cmpdf2.o)
 .ARM.attributes
                0x0000058a       0x1d c:/ac6/systemworkbench/plugins/fr.ac6.mcu.externaltools.arm-none.win32_1.17.0.201812190825/tools/compiler/bin/../lib/gcc/arm-none-eabi/7.3.1/thumb/v7-m\libgcc.a(_arm_fixunsdfsi.o)
 .ARM.attributes
                0x000005a7       0x1d c:/ac6/systemworkbench/plugins/fr.ac6.mcu.externaltools.arm-none.win32_1.17.0.201812190825/tools/compiler/bin/../lib/gcc/arm-none-eabi/7.3.1/thumb/v7-m\libgcc.a(_aeabi_ldivmod.o)
 .ARM.attributes
                0x000005c4       0x2d c:/ac6/systemworkbench/plugins/fr.ac6.mcu.externaltools.arm-none.win32_1.17.0.201812190825/tools/compiler/bin/../lib/gcc/arm-none-eabi/7.3.1/thumb/v7-m\libgcc.a(_udivmoddi4.o)
 .ARM.attributes
                0x000005f1       0x1d c:/ac6/systemworkbench/plugins/fr.ac6.mcu.externaltools.arm-none.win32_1.17.0.201812190825/tools/compiler/bin/../lib/gcc/arm-none-eabi/7.3.1/thumb/v7-m\libgcc.a(_dvmd_tls.o)
 .ARM.attributes
                0x0000060e       0x2d c:/ac6/systemworkbench/plugins/fr.ac6.mcu.externaltools.arm-none.win32_1.17.0.201812190825/tools/compiler/bin/../lib/gcc/arm-none-eabi/7.3.1/../../../../arm-none-eabi/lib/thumb/v7-m\libc_nano.a(lib_a-errno.o)
 .ARM.attributes
                0x0000063b       0x2d c:/ac6/systemworkbench/plugins/fr.ac6.mcu.externaltools.arm-none.win32_1.17.0.201812190825/tools/compiler/bin/../lib/gcc/arm-none-eabi/7.3.1/../../../../arm-none-eabi/lib/thumb/v7-m\libc_nano.a(lib_a-impure.o)
 .ARM.attributes
                0x00000668       0x2d c:/ac6/systemworkbench/plugins/fr.ac6.mcu.externaltools.arm-none.win32_1.17.0.201812190825/tools/compiler/bin/../lib/gcc/arm-none-eabi/7.3.1/../../../../arm-none-eabi/lib/thumb/v7-m\libc_nano.a(lib_a-init.o)
 .ARM.attributes
                0x00000695       0x2d c:/ac6/systemworkbench/plugins/fr.ac6.mcu.externaltools.arm-none.win32_1.17.0.201812190825/tools/compiler/bin/../lib/gcc/arm-none-eabi/7.3.1/../../../../arm-none-eabi/lib/thumb/v7-m\libc_nano.a(lib_a-memcpy-stub.o)
 .ARM.attributes
                0x000006c2       0x2d c:/ac6/systemworkbench/plugins/fr.ac6.mcu.externaltools.arm-none.win32_1.17.0.201812190825/tools/compiler/bin/../lib/gcc/arm-none-eabi/7.3.1/../../../../arm-none-eabi/lib/thumb/v7-m\libc_nano.a(lib_a-memset.o)
 .ARM.attributes
                0x000006ef       0x2d c:/ac6/systemworkbench/plugins/fr.ac6.mcu.externaltools.arm-none.win32_1.17.0.201812190825/tools/compiler/bin/../lib/gcc/arm-none-eabi/7.3.1/../../../../arm-none-eabi/lib/thumb/v7-m\libc_nano.a(lib_a-snprintf.o)
 .ARM.attributes
                0x0000071c       0x2d c:/ac6/systemworkbench/plugins/fr.ac6.mcu.externaltools.arm-none.win32_1.17.0.201812190825/tools/compiler/bin/../lib/gcc/arm-none-eabi/7.3.1/../../../../arm-none-eabi/lib/thumb/v7-m\libc_nano.a(lib_a-sprintf.o)
 .ARM.attributes
                0x00000749       0x1b c:/ac6/systemworkbench/plugins/fr.ac6.mcu.externaltools.arm-none.win32_1.17.0.201812190825/tools/compiler/bin/../lib/gcc/arm-none-eabi/7.3.1/../../../../arm-none-eabi/lib/thumb/v7-m\libc_nano.a(lib_a-strcmp.o)
 .ARM.attributes
                0x00000764       0x17 c:/ac6/systemworkbench/plugins/fr.ac6.mcu.externaltools.arm-none.win32_1.17.0.201812190825/tools/compiler/bin/../lib/gcc/arm-none-eabi/7.3.1/../../../../arm-none-eabi/lib/thumb/v7-m\libc_nano.a(lib_a-strlen.o)
 .ARM.attributes
                0x0000077b       0x2d c:/ac6/systemworkbench/plugins/fr.ac6.mcu.externaltools.arm-none.win32_1.17.0.201812190825/tools/compiler/bin/../lib/gcc/arm-none-eabi/7.3.1/../../../../arm-none-eabi/lib/thumb/v7-m\libc_nano.a(lib_a-strncat.o)
 .ARM.attributes
                0x000007a8       0x2d c:/ac6/systemworkbench/plugins/fr.ac6.mcu.externaltools.arm-none.win32_1.17.0.201812190825/tools/compiler/bin/../lib/gcc/arm-none-eabi/7.3.1/../../../../arm-none-eabi/lib/thumb/v7-m\libc_nano.a(lib_a-nano-svfprintf.o)
 .ARM.attributes
                0x000007d5       0x2d c:/ac6/systemworkbench/plugins/fr.ac6.mcu.externaltools.arm-none.win32_1.17.0.201812190825/tools/compiler/bin/../lib/gcc/arm-none-eabi/7.3.1/../../../../arm-none-eabi/lib/thumb/v7-m\libc_nano.a(lib_a-nano-vfprintf_i.o)
 .ARM.attributes
                0x00000802       0x2d c:/ac6/systemworkbench/plugins/fr.ac6.mcu.externaltools.arm-none.win32_1.17.0.201812190825/tools/compiler/bin/../lib/gcc/arm-none-eabi/7.3.1/../../../../arm-none-eabi/lib/thumb/v7-m\libc_nano.a(lib_a-memchr-stub.o)
 .ARM.attributes
                0x0000082f       0x2d c:/ac6/systemworkbench/plugins/fr.ac6.mcu.externaltools.arm-none.win32_1.17.0.201812190825/tools/compiler/bin/../lib/gcc/arm-none-eabi/7.3.1/../../../../arm-none-eabi/lib/thumb/v7-m\libc_nano.a(lib_a-memmove.o)
 .ARM.attributes
                0x0000085c       0x2d c:/ac6/systemworkbench/plugins/fr.ac6.mcu.externaltools.arm-none.win32_1.17.0.201812190825/tools/compiler/bin/../lib/gcc/arm-none-eabi/7.3.1/../../../../arm-none-eabi/lib/thumb/v7-m\libc_nano.a(lib_a-nano-freer.o)
 .ARM.attributes
                0x00000889       0x2d c:/ac6/systemworkbench/plugins/fr.ac6.mcu.externaltools.arm-none.win32_1.17.0.201812190825/tools/compiler/bin/../lib/gcc/arm-none-eabi/7.3.1/../../../../arm-none-eabi/lib/thumb/v7-m\libc_nano.a(lib_a-nano-mallocr.o)
 .ARM.attributes
                0x000008b6       0x2d c:/ac6/systemworkbench/plugins/fr.ac6.mcu.externaltools.arm-none.win32_1.17.0.201812190825/tools/compiler/bin/../lib/gcc/arm-none-eabi/7.3.1/../../../../arm-none-eabi/lib/thumb/v7-m\libc_nano.a(lib_a-nano-reallocr.o)
 .ARM.attributes
                0x000008e3       0x2d c:/ac6/systemworkbench/plugins/fr.ac6.mcu.externaltools.arm-none.win32_1.17.0.201812190825/tools/compiler/bin/../lib/gcc/arm-none-eabi/7.3.1/../../../../arm-none-eabi/lib/thumb/v7-m\libc_nano.a(lib_a-sbrkr.o)
 .ARM.attributes
                0x00000910       0x2d c:/ac6/systemworkbench/plugins/fr.ac6.mcu.externaltools.arm-none.win32_1.17.0.201812190825/tools/compiler/bin/../lib/gcc/arm-none-eabi/7.3.1/../../../../arm-none-eabi/lib/thumb/v7-m\libc_nano.a(lib_a-mlock.o)
 .ARM.attributes
                0x0000093d       0x2d c:/ac6/systemworkbench/plugins/fr.ac6.mcu.externaltools.arm-none.win32_1.17.0.201812190825/tools/compiler/bin/../lib/gcc/arm-none-eabi/7.3.1/../../../../arm-none-eabi/lib/thumb/v7-m\libc_nano.a(lib_a-nano-msizer.o)
 .ARM.attributes
                0x0000096a       0x2d c:/ac6/systemworkbench/plugins/fr.ac6.mcu.externaltools.arm-none.win32_1.17.0.201812190825/tools/compiler/bin/../lib/gcc/arm-none-eabi/7.3.1/../../../../arm-none-eabi/lib/thumb/v7-m\libc_nano.a(lib_a-reent.o)
 .ARM.attributes
                0x00000997       0x1d c:/ac6/systemworkbench/plugins/fr.ac6.mcu.externaltools.arm-none.win32_1.17.0.201812190825/tools/compiler/bin/../lib/gcc/arm-none-eabi/7.3.1/thumb/v7-m/crtn.o
OUTPUT(PID_Regulator.elf elf32-littlearm)

.debug_info     0x00000000    0x1ce41
 .debug_info    0x00000000      0x714 Drivers/STM32F1xx_HAL_Driver/Src/stm32f1xx_hal.o
 .debug_info    0x00000714      0xc6c Drivers/STM32F1xx_HAL_Driver/Src/stm32f1xx_hal_adc.o
 .debug_info    0x00001380      0xa06 Drivers/STM32F1xx_HAL_Driver/Src/stm32f1xx_hal_adc_ex.o
 .debug_info    0x00001d86      0xb51 Drivers/STM32F1xx_HAL_Driver/Src/stm32f1xx_hal_cortex.o
 .debug_info    0x000028d7      0x7b1 Drivers/STM32F1xx_HAL_Driver/Src/stm32f1xx_hal_dma.o
 .debug_info    0x00003088      0x69b Drivers/STM32F1xx_HAL_Driver/Src/stm32f1xx_hal_gpio.o
 .debug_info    0x00003723     0x256e Drivers/STM32F1xx_HAL_Driver/Src/stm32f1xx_hal_i2c.o
 .debug_info    0x00005c91      0x80f Drivers/STM32F1xx_HAL_Driver/Src/stm32f1xx_hal_rcc.o
 .debug_info    0x000064a0      0x444 Drivers/STM32F1xx_HAL_Driver/Src/stm32f1xx_hal_rcc_ex.o
 .debug_info    0x000068e4     0x1581 Drivers/STM32F1xx_HAL_Driver/Src/stm32f1xx_hal_spi.o
 .debug_info    0x00007e65     0x27f1 Drivers/STM32F1xx_HAL_Driver/Src/stm32f1xx_hal_tim.o
 .debug_info    0x0000a656     0x13ab Drivers/STM32F1xx_HAL_Driver/Src/stm32f1xx_hal_tim_ex.o
 .debug_info    0x0000ba01     0x14ec Drivers/STM32F1xx_HAL_Driver/Src/stm32f1xx_hal_uart.o
 .debug_info    0x0000ceed     0x35db Src/main.o
 .debug_info    0x000104c8     0x16e4 Src/stm32f1xx_hal_msp.o
 .debug_info    0x00011bac      0xcbf Src/stm32f1xx_it.o
 .debug_info    0x0001286b      0xf2e Src/syscalls.o
 .debug_info    0x00013799      0x43e Src/system_stm32f1xx.o
 .debug_info    0x00013bd7     0x1a31 ds1302/ds1302.o
 .debug_info    0x00015608     0x145c lcd/bigFont_lcdI2c.o
 .debug_info    0x00016a64     0x1634 lcd/lcd_Hd44780I2C.o
 .debug_info    0x00018098     0x30a7 menu/menu.o
 .debug_info    0x0001b13f      0xc9f pid/pid.o
 .debug_info    0x0001bdde     0x1041 sdbg/sdbg.o
 .debug_info    0x0001ce1f       0x22 startup/startup_stm32f103xb.o

.debug_abbrev   0x00000000     0x364c
 .debug_abbrev  0x00000000      0x1c7 Drivers/STM32F1xx_HAL_Driver/Src/stm32f1xx_hal.o
 .debug_abbrev  0x000001c7      0x1d5 Drivers/STM32F1xx_HAL_Driver/Src/stm32f1xx_hal_adc.o
 .debug_abbrev  0x0000039c      0x1f5 Drivers/STM32F1xx_HAL_Driver/Src/stm32f1xx_hal_adc_ex.o
 .debug_abbrev  0x00000591      0x2d5 Drivers/STM32F1xx_HAL_Driver/Src/stm32f1xx_hal_cortex.o
 .debug_abbrev  0x00000866      0x1fe Drivers/STM32F1xx_HAL_Driver/Src/stm32f1xx_hal_dma.o
 .debug_abbrev  0x00000a64      0x1c0 Drivers/STM32F1xx_HAL_Driver/Src/stm32f1xx_hal_gpio.o
 .debug_abbrev  0x00000c24      0x258 Drivers/STM32F1xx_HAL_Driver/Src/stm32f1xx_hal_i2c.o
 .debug_abbrev  0x00000e7c      0x243 Drivers/STM32F1xx_HAL_Driver/Src/stm32f1xx_hal_rcc.o
 .debug_abbrev  0x000010bf      0x175 Drivers/STM32F1xx_HAL_Driver/Src/stm32f1xx_hal_rcc_ex.o
 .debug_abbrev  0x00001234      0x240 Drivers/STM32F1xx_HAL_Driver/Src/stm32f1xx_hal_spi.o
 .debug_abbrev  0x00001474      0x230 Drivers/STM32F1xx_HAL_Driver/Src/stm32f1xx_hal_tim.o
 .debug_abbrev  0x000016a4      0x236 Drivers/STM32F1xx_HAL_Driver/Src/stm32f1xx_hal_tim_ex.o
 .debug_abbrev  0x000018da      0x25d Drivers/STM32F1xx_HAL_Driver/Src/stm32f1xx_hal_uart.o
 .debug_abbrev  0x00001b37      0x353 Src/main.o
 .debug_abbrev  0x00001e8a      0x1de Src/stm32f1xx_hal_msp.o
 .debug_abbrev  0x00002068      0x172 Src/stm32f1xx_it.o
 .debug_abbrev  0x000021da      0x2aa Src/syscalls.o
 .debug_abbrev  0x00002484      0x134 Src/system_stm32f1xx.o
 .debug_abbrev  0x000025b8      0x31b ds1302/ds1302.o
 .debug_abbrev  0x000028d3      0x2ac lcd/bigFont_lcdI2c.o
 .debug_abbrev  0x00002b7f      0x2f7 lcd/lcd_Hd44780I2C.o
 .debug_abbrev  0x00002e76      0x329 menu/menu.o
 .debug_abbrev  0x0000319f      0x234 pid/pid.o
 .debug_abbrev  0x000033d3      0x267 sdbg/sdbg.o
 .debug_abbrev  0x0000363a       0x12 startup/startup_stm32f103xb.o

.debug_aranges  0x00000000     0x1968
 .debug_aranges
                0x00000000       0xe0 Drivers/STM32F1xx_HAL_Driver/Src/stm32f1xx_hal.o
 .debug_aranges
                0x000000e0       0xf0 Drivers/STM32F1xx_HAL_Driver/Src/stm32f1xx_hal_adc.o
 .debug_aranges
                0x000001d0       0x80 Drivers/STM32F1xx_HAL_Driver/Src/stm32f1xx_hal_adc_ex.o
 .debug_aranges
                0x00000250      0x100 Drivers/STM32F1xx_HAL_Driver/Src/stm32f1xx_hal_cortex.o
 .debug_aranges
                0x00000350       0x80 Drivers/STM32F1xx_HAL_Driver/Src/stm32f1xx_hal_dma.o
 .debug_aranges
                0x000003d0       0x58 Drivers/STM32F1xx_HAL_Driver/Src/stm32f1xx_hal_gpio.o
 .debug_aranges
                0x00000428      0x2a0 Drivers/STM32F1xx_HAL_Driver/Src/stm32f1xx_hal_i2c.o
 .debug_aranges
                0x000006c8       0x90 Drivers/STM32F1xx_HAL_Driver/Src/stm32f1xx_hal_rcc.o
 .debug_aranges
                0x00000758       0x30 Drivers/STM32F1xx_HAL_Driver/Src/stm32f1xx_hal_rcc_ex.o
 .debug_aranges
                0x00000788      0x1d0 Drivers/STM32F1xx_HAL_Driver/Src/stm32f1xx_hal_spi.o
 .debug_aranges
                0x00000958      0x3d0 Drivers/STM32F1xx_HAL_Driver/Src/stm32f1xx_hal_tim.o
 .debug_aranges
                0x00000d28      0x168 Drivers/STM32F1xx_HAL_Driver/Src/stm32f1xx_hal_tim_ex.o
 .debug_aranges
                0x00000e90      0x200 Drivers/STM32F1xx_HAL_Driver/Src/stm32f1xx_hal_uart.o
 .debug_aranges
                0x00001090       0xc0 Src/main.o
 .debug_aranges
                0x00001150       0x88 Src/stm32f1xx_hal_msp.o
 .debug_aranges
                0x000011d8       0xa8 Src/stm32f1xx_it.o
 .debug_aranges
                0x00001280       0xb0 Src/syscalls.o
 .debug_aranges
                0x00001330       0x28 Src/system_stm32f1xx.o
 .debug_aranges
                0x00001358       0xb0 ds1302/ds1302.o
 .debug_aranges
                0x00001408       0x68 lcd/bigFont_lcdI2c.o
 .debug_aranges
                0x00001470       0xf0 lcd/lcd_Hd44780I2C.o
 .debug_aranges
                0x00001560      0x360 menu/menu.o
 .debug_aranges
                0x000018c0       0x50 pid/pid.o
 .debug_aranges
                0x00001910       0x30 sdbg/sdbg.o
 .debug_aranges
                0x00001940       0x28 startup/startup_stm32f103xb.o

.debug_ranges   0x00000000     0x1838
 .debug_ranges  0x00000000       0xd0 Drivers/STM32F1xx_HAL_Driver/Src/stm32f1xx_hal.o
 .debug_ranges  0x000000d0       0xe0 Drivers/STM32F1xx_HAL_Driver/Src/stm32f1xx_hal_adc.o
 .debug_ranges  0x000001b0       0x70 Drivers/STM32F1xx_HAL_Driver/Src/stm32f1xx_hal_adc_ex.o
 .debug_ranges  0x00000220       0xf0 Drivers/STM32F1xx_HAL_Driver/Src/stm32f1xx_hal_cortex.o
 .debug_ranges  0x00000310       0x70 Drivers/STM32F1xx_HAL_Driver/Src/stm32f1xx_hal_dma.o
 .debug_ranges  0x00000380       0x48 Drivers/STM32F1xx_HAL_Driver/Src/stm32f1xx_hal_gpio.o
 .debug_ranges  0x000003c8      0x2b8 Drivers/STM32F1xx_HAL_Driver/Src/stm32f1xx_hal_i2c.o
 .debug_ranges  0x00000680       0x80 Drivers/STM32F1xx_HAL_Driver/Src/stm32f1xx_hal_rcc.o
 .debug_ranges  0x00000700       0x20 Drivers/STM32F1xx_HAL_Driver/Src/stm32f1xx_hal_rcc_ex.o
 .debug_ranges  0x00000720      0x1c0 Drivers/STM32F1xx_HAL_Driver/Src/stm32f1xx_hal_spi.o
 .debug_ranges  0x000008e0      0x3c0 Drivers/STM32F1xx_HAL_Driver/Src/stm32f1xx_hal_tim.o
 .debug_ranges  0x00000ca0      0x158 Drivers/STM32F1xx_HAL_Driver/Src/stm32f1xx_hal_tim_ex.o
 .debug_ranges  0x00000df8      0x220 Drivers/STM32F1xx_HAL_Driver/Src/stm32f1xx_hal_uart.o
 .debug_ranges  0x00001018       0xb0 Src/main.o
 .debug_ranges  0x000010c8       0x78 Src/stm32f1xx_hal_msp.o
 .debug_ranges  0x00001140       0x98 Src/stm32f1xx_it.o
 .debug_ranges  0x000011d8       0xa0 Src/syscalls.o
 .debug_ranges  0x00001278       0x18 Src/system_stm32f1xx.o
 .debug_ranges  0x00001290       0xa0 ds1302/ds1302.o
 .debug_ranges  0x00001330       0x58 lcd/bigFont_lcdI2c.o
 .debug_ranges  0x00001388       0xe0 lcd/lcd_Hd44780I2C.o
 .debug_ranges  0x00001468      0x350 menu/menu.o
 .debug_ranges  0x000017b8       0x40 pid/pid.o
 .debug_ranges  0x000017f8       0x20 sdbg/sdbg.o
 .debug_ranges  0x00001818       0x20 startup/startup_stm32f103xb.o

.debug_macro    0x00000000    0x1bb50
 .debug_macro   0x00000000      0x1ef Drivers/STM32F1xx_HAL_Driver/Src/stm32f1xx_hal.o
 .debug_macro   0x000001ef      0xa60 Drivers/STM32F1xx_HAL_Driver/Src/stm32f1xx_hal.o
 .debug_macro   0x00000c4f      0x233 Drivers/STM32F1xx_HAL_Driver/Src/stm32f1xx_hal.o
 .debug_macro   0x00000e82       0x2e Drivers/STM32F1xx_HAL_Driver/Src/stm32f1xx_hal.o
 .debug_macro   0x00000eb0       0x22 Drivers/STM32F1xx_HAL_Driver/Src/stm32f1xx_hal.o
 .debug_macro   0x00000ed2       0x22 Drivers/STM32F1xx_HAL_Driver/Src/stm32f1xx_hal.o
 .debug_macro   0x00000ef4       0x8e Drivers/STM32F1xx_HAL_Driver/Src/stm32f1xx_hal.o
 .debug_macro   0x00000f82       0x51 Drivers/STM32F1xx_HAL_Driver/Src/stm32f1xx_hal.o
 .debug_macro   0x00000fd3       0xef Drivers/STM32F1xx_HAL_Driver/Src/stm32f1xx_hal.o
 .debug_macro   0x000010c2       0x6a Drivers/STM32F1xx_HAL_Driver/Src/stm32f1xx_hal.o
 .debug_macro   0x0000112c      0x1df Drivers/STM32F1xx_HAL_Driver/Src/stm32f1xx_hal.o
 .debug_macro   0x0000130b       0x1c Drivers/STM32F1xx_HAL_Driver/Src/stm32f1xx_hal.o